###############################################################################
#
# IAR ELF Linker V9.30.1.335/W64 for ARM                  07/Jun/2025  12:00:36
# Copyright 2007-2022 IAR Systems AB.
#
#    Output file  =  C:\projects\micro\RtosWrapper\Debug\Exe\iarproject.out
#    Map file     =  C:\projects\micro\RtosWrapper\Debug\List\iarproject.map
#    Command line =
#        -f C:\projects\micro\RtosWrapper\Debug\Exe\iarproject.out.rsp
#        (C:\projects\micro\RtosWrapper\Debug\Obj\MyTasks\ButtonTask.o
#        C:\projects\micro\RtosWrapper\Debug\Obj\Rtos\FreeRtos\croutine.o
#        C:\projects\micro\RtosWrapper\Debug\Obj\Rtos\FreeRtos\event_groups.o
#        C:\projects\micro\RtosWrapper\Debug\Obj\MyTasks\LedManagerTask.o
#        C:\projects\micro\RtosWrapper\Debug\Obj\Rtos\FreeRtos\list.o
#        C:\projects\micro\RtosWrapper\Debug\Obj\main.o
#        C:\projects\micro\RtosWrapper\Debug\Obj\MyTasks\MeasureTask.o
#        C:\projects\micro\RtosWrapper\Debug\Obj\Rtos\FreeRtos\portable\IAR\ARM_CM4F\port.o
#        C:\projects\micro\RtosWrapper\Debug\Obj\Rtos\FreeRtos\portable\IAR\ARM_CM4F\portasm.o
#        C:\projects\micro\RtosWrapper\Debug\Obj\Rtos\FreeRtos\queue.o
#        C:\projects\micro\RtosWrapper\Debug\Obj\Application\Implementation\rcfilter.o
#        C:\projects\micro\RtosWrapper\Debug\Obj\startupF411RE.o
#        C:\projects\micro\RtosWrapper\Debug\Obj\Rtos\FreeRtos\tasks.o
#        C:\projects\micro\RtosWrapper\Debug\Obj\Rtos\FreeRtos\timers.o
#        --no_out_extension -o
#        C:\projects\micro\RtosWrapper\Debug\Exe\iarproject.out --map
#        C:\projects\micro\RtosWrapper\Debug\List\iarproject.map --log
#        libraries,initialization,modules,redirects,sections,veneers,unused_fragments,call_graph
#        --log_file C:\projects\micro\RtosWrapper\Debug\List\iarproject.log
#        --config C:\projects\micro\RtosWrapper\stm32f411xE.icf --semihosting
#        --entry __iar_program_start --vfe --text_out locale --cpu=Cortex-M4
#        --fpu=VFPv4_sp)
#
###############################################################################

*******************************************************************************
*** RUNTIME MODEL ATTRIBUTES
***

CppFlavor                     = *
__CPP_Exceptions              = Disabled
__CPP_Language                = C++14
__CPP_Library                 = DLib
__CPP_Runtime                 = 1
__Heap_Handler                = Basic
__SystemLibrary               = DLib
__dlib_dynamic_initialization = normal
__dlib_version                = 6


*******************************************************************************
*** HEAP SELECTION
***

The basic heap was selected because --advanced_heap
was not specified and the application did not appear to
be primarily optimized for speed.


*******************************************************************************
*** PLACEMENT SUMMARY
***

"A0":  place at address 0x800'0000 { ro section .intvec };
"P1":  place in [from 0x800'0000 to 0x807'ffff] { ro };
define block CSTACK with size = 4K, alignment = 8 { };
define block HEAP with size = 4K, alignment = 8 { };
"P2":  place in [from 0x2000'0000 to 0x2001'ffff] {
          rw, block CSTACK, block HEAP };
initialize by copy { rw };

  Section                Kind         Address    Size  Object
  -------                ----         -------    ----  ------
"A0":                                           0x198
  .intvec                const     0x800'0000   0x198  startupF411RE.o [1]
                                 - 0x800'0198   0x198

"P1":                                          0x63e4
  .text                  ro code   0x800'0198   0xe8e  xprintffull_nomb.o [6]
  .text                  ro code   0x800'1026    0x2a  copy_init3.o [10]
  .text                  ro code   0x800'1050    0x16  strchr.o [10]
  .text                  ro code   0x800'1066     0xa  xsprout.o [6]
  .text                  ro code   0x800'1070    0x40  xfail_s.o [6]
  .text                  ro code   0x800'10b0    0x36  strlen.o [10]
  .text                  ro code   0x800'10e6     0x6  iostream_cout.o [7]
  .text                  ro code   0x800'10ec    0x58  memchr.o [10]
  .text                  ro code   0x800'1144    0xa6  ABImemcpy.o [10]
  .rodata                const     0x800'11ea     0x2  MeasureTask.o [3]
  .text                  ro code   0x800'11ec    0x70  frexp.o [9]
  .text                  ro code   0x800'125c    0x34  DblCmpLe.o [9]
  .text                  ro code   0x800'1290    0x34  DblCmpGe.o [9]
  .text                  ro code   0x800'12c4   0x13a  ldexp.o [9]
  .text                  ro code   0x800'13fe     0x2  iostream_cout.o [7]
  .text                  ro code   0x800'1400    0x36  DblToS32.o [9]
  .text                  ro code   0x800'1436     0x2  iostream_cout.o [7]
  .text                  ro code   0x800'1438    0x22  S32ToDbl.o [9]
  .rodata                zero      0x800'145a     0x1  main.o [1]
  .rodata                const     0x800'145b     0x1  MeasureTask.o [3]
  .text                  ro code   0x800'145c   0x24e  DblAddSub.o [9]
  .rodata                zero      0x800'16aa     0x1  MeasureTask.o [3]
  .rodata                zero      0x800'16ab     0x1  MeasureTask.o [3]
  .text                  ro code   0x800'16ac   0x246  DblDiv.o [9]
  .rodata                const     0x800'18f2     0x1  unwind_debug.o [11]
  .text                  ro code   0x800'18f4    0x22  DblToU32.o [9]
  .text                  ro code   0x800'1918    0x1c  U32ToDbl.o [9]
  .text                  ro code   0x800'1934   0x1aa  DblMul.o [9]
  .text                  ro code   0x800'1ae0   0x274  I64DivMod.o [10]
  .text                  ro code   0x800'1d54     0x6  abort.o [6]
  .text                  ro code   0x800'1d5c     0x2  I64DivZer.o [10]
  .text                  ro code   0x800'1d60    0x14  exit.o [11]
  .text                  ro code   0x800'1d74    0x7c  iarttio.o [11]
  .text                  ro code   0x800'1df0     0x8  XShttio.o [6]
  .text                  ro code   0x800'1df8   0x8c0  tasks.o [4]
  .text                  ro code   0x800'26b8    0x9a  list.o [4]
  .text                  ro code   0x800'2754   0x164  port.o [5]
  .text                  ro code   0x800'28b8   0x3e8  timers.o [4]
  .text                  ro code   0x800'2ca0    0x24  port.o [5]
  CODE                   ro code   0x800'2cc4    0xa8  portasm.o [5]
  .text                  ro code   0x800'2d6c   0x6c0  queue.o [4]
  .text                  ro code   0x800'342c   0x2b4  MeasureTask.o [3]
  .text                  ro code   0x800'36e0     0x4  MeasureTask.o [3]
  .text                  ro code   0x800'36e4     0x6  MeasureTask.o [3]
  .text                  ro code   0x800'36ea    0x22  strcspn.o [6]
  .text                  ro code   0x800'370c    0x20  MeasureTask.o [3]
  .text                  ro code   0x800'372c     0x8  MeasureTask.o [3]
  .text                  ro code   0x800'3734    0x2a  MeasureTask.o [3]
  .text                  ro code   0x800'375e    0x10  MeasureTask.o [3]
  .text                  ro code   0x800'376e    0x18  MeasureTask.o [3]
  .text                  ro code   0x800'3788    0x30  MeasureTask.o [3]
  .text                  ro code   0x800'37b8     0xe  MeasureTask.o [3]
  .text                  ro code   0x800'37c6     0xe  MeasureTask.o [3]
  .text                  ro code   0x800'37d4    0x94  MeasureTask.o [3]
  .text                  ro code   0x800'3868     0xe  MeasureTask.o [3]
  .text                  ro code   0x800'3876    0x10  MeasureTask.o [3]
  .text                  ro code   0x800'3886     0xe  MeasureTask.o [3]
  .text                  ro code   0x800'3894     0x4  MeasureTask.o [3]
  .text                  ro code   0x800'3898    0x30  MeasureTask.o [3]
  .text                  ro code   0x800'38c8    0x30  MeasureTask.o [3]
  .text                  ro code   0x800'38f8     0x8  MeasureTask.o [3]
  .text                  ro code   0x800'3900    0x12  MeasureTask.o [3]
  .text                  ro code   0x800'3914    0x18  MeasureTask.o [3]
  .text                  ro code   0x800'392c     0xc  MeasureTask.o [3]
  .text                  ro code   0x800'3938    0x84  MeasureTask.o [3]
  .text                  ro code   0x800'39bc    0x3a  MeasureTask.o [3]
  .text                  ro code   0x800'39f6    0x10  MeasureTask.o [3]
  .text                  ro code   0x800'3a08    0x18  MeasureTask.o [3]
  .text                  ro code   0x800'3a20     0xa  cxxabi.o [8]
  .text                  ro code   0x800'3a2a     0xe  MeasureTask.o [3]
  .text                  ro code   0x800'3a38    0x7c  MeasureTask.o [3]
  .text                  ro code   0x800'3ab4    0x20  MeasureTask.o [3]
  .text                  ro code   0x800'3ad4    0x30  MeasureTask.o [3]
  .text                  ro code   0x800'3b04    0x28  MeasureTask.o [3]
  .text                  ro code   0x800'3b2c    0x10  MeasureTask.o [3]
  .text                  ro code   0x800'3b3c     0xe  MeasureTask.o [3]
  .text                  ro code   0x800'3b4a     0x2  MeasureTask.o [3]
  .text                  ro code   0x800'3b4c    0x3e  MeasureTask.o [3]
  .text                  ro code   0x800'3b8a     0x2  MeasureTask.o [3]
  .text                  ro code   0x800'3b8c     0xc  MeasureTask.o [3]
  .text                  ro code   0x800'3b98    0x1c  MeasureTask.o [3]
  .text                  ro code   0x800'3bb4     0xe  MeasureTask.o [3]
  .text                  ro code   0x800'3bc2     0xc  MeasureTask.o [3]
  .text                  ro code   0x800'3bce     0xc  MeasureTask.o [3]
  .text                  ro code   0x800'3bda    0x10  MeasureTask.o [3]
  .text                  ro code   0x800'3bec    0x14  MeasureTask.o [3]
  .text                  ro code   0x800'3c00    0x20  MeasureTask.o [3]
  .text                  ro code   0x800'3c20    0x14  MeasureTask.o [3]
  .text                  ro code   0x800'3c34     0xc  MeasureTask.o [3]
  .text                  ro code   0x800'3c40    0x16  MeasureTask.o [3]
  .text                  ro code   0x800'3c56     0xc  MeasureTask.o [3]
  .text                  ro code   0x800'3c64    0xa0  cppinit.o [6]
  .text                  ro code   0x800'3d04    0x1c  MeasureTask.o [3]
  .text                  ro code   0x800'3d20    0xdc  MeasureTask.o [3]
  .text                  ro code   0x800'3dfc    0x96  ABImemmove.o [10]
  .text                  ro code   0x800'3e92     0x6  MeasureTask.o [3]
  .text                  ro code   0x800'3e98    0x24  MeasureTask.o [3]
  .text                  ro code   0x800'3ebc     0xc  MeasureTask.o [3]
  .text                  ro code   0x800'3ec8    0x16  MeasureTask.o [3]
  .text                  ro code   0x800'3ede    0x32  MeasureTask.o [3]
  .text                  ro code   0x800'3f10    0x12  MeasureTask.o [3]
  .text                  ro code   0x800'3f24     0xc  MeasureTask.o [3]
  .text                  ro code   0x800'3f30    0x1e  MeasureTask.o [3]
  .text                  ro code   0x800'3f4e     0x2  MeasureTask.o [3]
  .text                  ro code   0x800'3f50    0x10  MeasureTask.o [3]
  .text                  ro code   0x800'3f60     0x2  MeasureTask.o [3]
  .text                  ro code   0x800'3f62    0x12  MeasureTask.o [3]
  .text                  ro code   0x800'3f74     0x2  MeasureTask.o [3]
  .text                  ro code   0x800'3f78    0x28  MeasureTask.o [3]
  .text                  ro code   0x800'3fa0     0xc  MeasureTask.o [3]
  .text                  ro code   0x800'3fac     0xc  MeasureTask.o [3]
  .text                  ro code   0x800'3fb8    0x10  MeasureTask.o [3]
  .text                  ro code   0x800'3fc8     0x2  MeasureTask.o [3]
  .text                  ro code   0x800'3fca    0x1a  MeasureTask.o [3]
  .text                  ro code   0x800'3fe4    0x66  ABImemset.o [10]
  .text                  ro code   0x800'404a     0x2  MeasureTask.o [3]
  .text                  ro code   0x800'404c    0x18  MeasureTask.o [3]
  .text                  ro code   0x800'4064     0xe  MeasureTask.o [3]
  .text                  ro code   0x800'4072     0x4  MeasureTask.o [3]
  .text                  ro code   0x800'4076     0x2  MeasureTask.o [3]
  .text                  ro code   0x800'4078     0xc  MeasureTask.o [3]
  .text                  ro code   0x800'4084     0xa  MeasureTask.o [3]
  .text                  ro code   0x800'408e     0x2  MeasureTask.o [3]
  .text                  ro code   0x800'4090     0xe  MeasureTask.o [3]
  .text                  ro code   0x800'40a0    0x44  MeasureTask.o [3]
  .text                  ro code   0x800'40e4     0x4  MeasureTask.o [3]
  .text                  ro code   0x800'40e8     0x2  MeasureTask.o [3]
  .text                  ro code   0x800'40ea     0xc  MeasureTask.o [3]
  .text                  ro code   0x800'40f6    0x10  MeasureTask.o [3]
  .text                  ro code   0x800'4106     0x2  MeasureTask.o [3]
  .text                  ro code   0x800'4108    0x1a  MeasureTask.o [3]
  .text                  ro code   0x800'4122     0x2  MeasureTask.o [3]
  .text                  ro code   0x800'4124     0xa  delop_0.o [8]
  .text                  ro code   0x800'412e    0x34  MeasureTask.o [3]
  .text                  ro code   0x800'4162    0x1a  MeasureTask.o [3]
  .text                  ro code   0x800'417c     0x8  MeasureTask.o [3]
  .text                  ro code   0x800'4184    0x18  MeasureTask.o [3]
  .text                  ro code   0x800'419c    0x26  MeasureTask.o [3]
  .text                  ro code   0x800'41c2     0x4  heaptramp0.o [6]
  .text                  ro code   0x800'41c8   0x13c  heap0.o [6]
  .text                  ro code   0x800'4304    0x24  newop_0.o [8]
  .text                  ro code   0x800'4328     0x4  MeasureTask.o [3]
  .text                  ro code   0x800'432c    0x2c  xgetmemchunk.o [6]
  .text                  ro code   0x800'4358     0x4  nomemory.o [8]
  .text                  ro code   0x800'435c   0x1e8  MeasureTask.o [3]
  .text                  ro code   0x800'4544     0x4  MeasureTask.o [3]
  .text                  ro code   0x800'4548    0x20  DblCmpEq.o [9]
  .text                  ro code   0x800'4568   0x12a  MeasureTask.o [3]
  .text                  ro code   0x800'4694    0x40  sprintf.o [6]
  .text                  ro code   0x800'46d4   0x1ce  MeasureTask.o [3]
  .text                  ro code   0x800'48a2     0xc  MeasureTask.o [3]
  .text                  ro code   0x800'48ae    0x72  MeasureTask.o [3]
  .text                  ro code   0x800'4920     0x4  MeasureTask.o [3]
  .text                  ro code   0x800'4924     0x8  MeasureTask.o [3]
  .text                  ro code   0x800'492c     0x6  MeasureTask.o [3]
  .text                  ro code   0x800'4932     0x4  MeasureTask.o [3]
  .text                  ro code   0x800'4936    0x16  MeasureTask.o [3]
  .text                  ro code   0x800'494c    0x28  MeasureTask.o [3]
  .text                  ro code   0x800'4974     0xe  MeasureTask.o [3]
  .text                  ro code   0x800'4982     0xc  MeasureTask.o [3]
  .text                  ro code   0x800'498e    0x18  MeasureTask.o [3]
  .text                  ro code   0x800'49a6     0x4  MeasureTask.o [3]
  .text                  ro code   0x800'49aa    0x54  MeasureTask.o [3]
  .text                  ro code   0x800'49fe     0x4  MeasureTask.o [3]
  .text                  ro code   0x800'4a02    0x24  MeasureTask.o [3]
  .text                  ro code   0x800'4a26     0xc  MeasureTask.o [3]
  .text                  ro code   0x800'4a32    0x28  MeasureTask.o [3]
  .text                  ro code   0x800'4a5a     0xe  MeasureTask.o [3]
  .text                  ro code   0x800'4a68    0x14  MeasureTask.o [3]
  .text                  ro code   0x800'4a7c   0x100  ios.o [7]
  .text                  ro code   0x800'4b7c     0xc  MeasureTask.o [3]
  .text                  ro code   0x800'4b88    0x54  MeasureTask.o [3]
  .text                  ro code   0x800'4bdc     0xc  MeasureTask.o [3]
  .text                  ro code   0x800'4be8     0x4  delop4_0.o [8]
  .text                  ro code   0x800'4bec    0x4a  MeasureTask.o [3]
  .text                  ro code   0x800'4c36    0x46  MeasureTask.o [3]
  .text                  ro code   0x800'4c7c   0x14c  main.o [1]
  .text                  ro code   0x800'4dc8    0x1e  main.o [1]
  .text                  ro code   0x800'4de6     0x6  ButtonTask.o [3]
  .text                  ro code   0x800'4dec    0x5a  S64ToFlt.o [9]
  .text                  ro code   0x800'4e48    0x44  main.o [1]
  .text                  ro code   0x800'4e8c    0x34  main.o [1]
  .text                  ro code   0x800'4ec0    0x34  main.o [1]
  .text                  ro code   0x800'4ef4    0x28  main.o [1]
  .text                  ro code   0x800'4f1c    0x14  main.o [1]
  .text                  ro code   0x800'4f30    0x18  main.o [1]
  .text                  ro code   0x800'4f48    0x10  main.o [1]
  .text                  ro code   0x800'4f58    0x18  main.o [1]
  .text                  ro code   0x800'4f70    0x14  main.o [1]
  .text                  ro code   0x800'4f84    0x14  main.o [1]
  .text                  ro code   0x800'4f98    0x14  main.o [1]
  .text                  ro code   0x800'4fac    0x10  main.o [1]
  .text                  ro code   0x800'4fbc    0x10  main.o [1]
  .text                  ro code   0x800'4fcc    0x14  main.o [1]
  .text                  ro code   0x800'4fe0    0x14  main.o [1]
  .text                  ro code   0x800'4ff4    0x10  main.o [1]
  .text                  ro code   0x800'5004    0x14  main.o [1]
  .text                  ro code   0x800'5018    0x14  main.o [1]
  .text                  ro code   0x800'502c    0x1c  main.o [1]
  .text                  ro code   0x800'5048    0x24  main.o [1]
  .text                  ro code   0x800'506c    0x24  main.o [1]
  .text                  ro code   0x800'5090    0x24  main.o [1]
  .text                  ro code   0x800'50b4     0x8  main.o [1]
  .text                  ro code   0x800'50bc     0x2  main.o [1]
  .text                  ro code   0x800'50be    0x20  main.o [1]
  .text                  ro code   0x800'50de     0xc  main.o [1]
  .text                  ro code   0x800'50ec    0x76  rcfilter.o [2]
  .text                  ro code   0x800'5162     0xc  main.o [1]
  .text                  ro code   0x800'516e     0x2  main.o [1]
  .text                  ro code   0x800'5170    0x38  main.o [1]
  .text                  ro code   0x800'51a8    0x38  main.o [1]
  .text                  ro code   0x800'51e0    0x38  main.o [1]
  .text                  ro code   0x800'5218     0x8  main.o [1]
  .text                  ro code   0x800'5220     0x2  main.o [1]
  .text                  ro code   0x800'5224    0x5a  expf.o [9]
  .text                  ro code   0x800'527e     0xe  main.o [1]
  .text                  ro code   0x800'528c    0xde  xexpf.o [9]
  .text                  ro code   0x800'536a     0xc  main.o [1]
  .text                  ro code   0x800'5376     0xa  main.o [1]
  .text                  ro code   0x800'5380    0xf8  MeasureTask.o [3]
  .text                  ro code   0x800'5478     0xa  MeasureTask.o [3]
  .text                  ro code   0x800'5482     0xa  MeasureTask.o [3]
  .text                  ro code   0x800'548c     0xe  MeasureTask.o [3]
  .text                  ro code   0x800'549a     0xa  MeasureTask.o [3]
  .text                  ro code   0x800'54a4    0xc6  MeasureTask.o [3]
  .text                  ro code   0x800'556a     0xc  MeasureTask.o [3]
  .text                  ro code   0x800'5576    0x1a  ButtonTask.o [3]
  .text                  ro code   0x800'5590    0x14  MeasureTask.o [3]
  .text                  ro code   0x800'55a4    0x14  MeasureTask.o [3]
  .text                  ro code   0x800'55b8    0x10  MeasureTask.o [3]
  .text                  ro code   0x800'55c8     0xc  MeasureTask.o [3]
  .text                  ro code   0x800'55d4    0x20  MeasureTask.o [3]
  .text                  ro code   0x800'55f4     0x8  MeasureTask.o [3]
  .text                  ro code   0x800'55fc    0x48  FltToDbl.o [9]
  .text                  ro code   0x800'5644    0x48  MeasureTask.o [3]
  .text                  ro code   0x800'568c     0x4  MeasureTask.o [3]
  .text                  ro code   0x800'5690    0x20  ButtonTask.o [3]
  .text                  ro code   0x800'56b0     0x4  ButtonTask.o [3]
  .text                  ro code   0x800'56b4     0xc  ButtonTask.o [3]
  .text                  ro code   0x800'56c0    0x18  MeasureTask.o [3]
  .text                  ro code   0x800'56d8     0x6  ButtonTask.o [3]
  .text                  ro code   0x800'56de     0xc  MeasureTask.o [3]
  .text                  ro code   0x800'56ec     0xc  MeasureTask.o [3]
  .text                  ro code   0x800'56f8    0x90  iostream_cout.o [7]
  .text                  ro code   0x800'5788    0x5c  iostream_cout.o [7]
  .text                  ro code   0x800'57e4    0x82  MeasureTask.o [3]
  .text                  ro code   0x800'5866    0x7a  MeasureTask.o [3]
  .text                  ro code   0x800'58e0    0x22  MeasureTask.o [3]
  .text                  ro code   0x800'5902    0x6a  MeasureTask.o [3]
  .text                  ro code   0x800'596c    0x5e  iostream_cout.o [7]
  .text                  ro code   0x800'59cc    0x54  ButtonTask.o [3]
  .text                  ro code   0x800'5a20    0x10  ButtonTask.o [3]
  .text                  ro code   0x800'5a30    0x24  ABIassert.o [11]
  .text                  ro code   0x800'5a54    0x20  ButtonTask.o [3]
  .text                  ro code   0x800'5a74    0x52  LedManagerTask.o [3]
  .text                  ro code   0x800'5ac6    0x24  LedManagerTask.o [3]
  .text                  ro code   0x800'5aea    0x22  LedManagerTask.o [3]
  .text                  ro code   0x800'5b0c    0x52  MeasureTask.o [3]
  .text                  ro code   0x800'5b5e    0x32  MeasureTask.o [3]
  Initializer bytes      const     0x800'5b90    0x54  <for P2-1>
  .rodata                const     0x800'5be4    0x44  iostream_cout.o [7]
  .rodata                const     0x800'5c28    0x44  iostream_cout.o [7]
  .rodata                const     0x800'5c6c    0x44  xexpf.o [9]
  .text                  ro code   0x800'5cb0    0x44  main.o [1]
  .text                  ro code   0x800'5cf4     0x6  main.o [1]
  .text                  ro code   0x800'5cfc    0x44  main.o [1]
  .text                  ro code   0x800'5d40    0x18  main.o [1]
  .text                  ro code   0x800'5d58    0x18  main.o [1]
  .text                  ro code   0x800'5d70    0x1c  main.o [1]
  .text                  ro code   0x800'5d8c     0xc  main.o [1]
  .text                  ro code   0x800'5d98     0xe  main.o [1]
  .text                  ro code   0x800'5da8    0x14  main.o [1]
  .text                  ro code   0x800'5dbc    0x16  main.o [1]
  .text                  ro code   0x800'5dd2    0x12  main.o [1]
  .text                  ro code   0x800'5de4     0x4  main.o [1]
  .text                  ro code   0x800'5de8     0x8  main.o [1]
  .text                  ro code   0x800'5df0     0x2  main.o [1]
  .text                  ro code   0x800'5df2     0xc  main.o [1]
  .text                  ro code   0x800'5dfe     0x8  main.o [1]
  .rodata                const     0x800'5e08    0x38  ButtonTask.o [3]
  .text                  ro code   0x800'5e40    0x38  iostream_cout.o [7]
  .text                  ro code   0x800'5e78    0x20  putchar.o [6]
  .text                  ro code   0x800'5e98    0x10  write.o [11]
  .text                  ro code   0x800'5ea8    0x1e  dwrite.o [11]
  .text                  ro code   0x800'5ec6    0x20  iarwstd.o [11]
  .text                  ro code   0x800'5ee6    0x22  iarwrite.o [11]
  .text                  ro code   0x800'5f08    0x38  zero_init3.o [10]
  .rodata                const     0x800'5f40    0x30  MeasureTask.o [3]
  .rodata                const     0x800'5f70    0x30  MeasureTask.o [3]
  .text                  ro code   0x800'5fa0    0x2e  MeasureTask.o [3]
  .text                  ro code   0x800'5fce    0x18  MeasureTask.o [3]
  .rodata                const     0x800'5fe8    0x2c  MeasureTask.o [3]
  .text                  ro code   0x800'6014    0x2c  main.o [1]
  .text                  ro code   0x800'6040     0x6  main.o [1]
  .text                  ro code   0x800'6048    0x2c  main.o [1]
  .rodata                const     0x800'6074    0x28  iostream_cout.o [7]
  .text                  ro code   0x800'609c    0x28  main.o [1]
  .text                  ro code   0x800'60c4    0x28  data_init.o [10]
  .rodata                const     0x800'60ec    0x24  MeasureTask.o [3]
  .rodata                const     0x800'6110    0x24  MeasureTask.o [3]
  .text                  ro code   0x800'6134    0x24  MeasureTask.o [3]
  .text                  ro code   0x800'6158    0x18  MeasureTask.o [3]
  .text                  ro code   0x800'6170    0x22  fpinit_M.o [9]
  .iar.init_table        const     0x800'6194    0x28  - Linker created -
  .text                  ro code   0x800'61bc    0x20  cmain_call_ctors.o [10]
  .text                  ro code   0x800'61dc    0x1e  cmain.o [10]
  .text                  ro code   0x800'61fa     0x4  exit.o [6]
  .text                  ro code   0x800'6200     0xe  cexit.o [10]
  .text                  ro code   0x800'6210    0x1c  main.o [1]
  .rodata                const     0x800'622c    0x18  MeasureTask.o [3]
  .text                  ro code   0x800'6244    0x18  main.o [1]
  .text                  ro code   0x800'625c    0x18  MeasureTask.o [3]
  .text                  ro code   0x800'6274    0x18  MeasureTask.o [3]
  .rodata                const     0x800'628c    0x14  ButtonTask.o [3]
  .rodata                const     0x800'62a0    0x14  main.o [1]
  .text                  ro code   0x800'62b4    0x14  main.o [1]
  .text                  ro code   0x800'62c8     0x8  main.o [1]
  .text                  ro code   0x800'62d0    0x14  iostream_cout.o [7]
  .text                  ro code   0x800'62e4    0x12  startupF411RE.o [1]
  .rodata                const     0x800'62f8    0x10  main.o [1]
  .rodata                const     0x800'6308    0x10  main.o [1]
  .rodata                const     0x800'6318    0x10  main.o [1]
  .rodata                const     0x800'6328    0x10  main.o [1]
  .rodata                const     0x800'6338    0x10  main.o [1]
  .rodata                const     0x800'6348    0x10  main.o [1]
  .rodata                const     0x800'6358    0x10  main.o [1]
  .rodata                const     0x800'6368    0x10  MeasureTask.o [3]
  .rodata                const     0x800'6378    0x10  MeasureTask.o [3]
  .rodata                const     0x800'6388    0x10  MeasureTask.o [3]
  .rodata                const     0x800'6398    0x10  ios.o [7]
  .rodata                const     0x800'63a8    0x10  iostream_cout.o [7]
  .text                  ro code   0x800'63b8    0x10  main.o [1]
  .text                  ro code   0x800'63c8    0x10  main.o [1]
  .text                  ro code   0x800'63d8    0x10  main.o [1]
  .text                  ro code   0x800'63e8    0x10  main.o [1]
  .text                  ro code   0x800'63f8    0x10  main.o [1]
  .text                  ro code   0x800'6408    0x10  main.o [1]
  .text                  ro code   0x800'6418    0x10  main.o [1]
  .text                  ro code   0x800'6428    0x10  main.o [1]
  .text                  ro code   0x800'6438     0xe  main.o [1]
  .text                  ro code   0x800'6446     0xc  main.o [1]
  .text                  ro code   0x800'6452     0xe  MeasureTask.o [3]
  .text                  ro code   0x800'6460     0xc  MeasureTask.o [3]
  .text                  ro code   0x800'646c     0xe  iostream_cout.o [7]
  .rodata                const     0x800'647c     0xc  ButtonTask.o [3]
  .rodata                const     0x800'6488     0xc  LedManagerTask.o [3]
  .rodata                const     0x800'6494     0xc  main.o [1]
  .rodata                const     0x800'64a0     0xc  main.o [1]
  .rodata                const     0x800'64ac     0xc  main.o [1]
  .rodata                const     0x800'64b8     0xc  MeasureTask.o [3]
  .rodata                const     0x800'64c4     0xc  rcfilter.o [2]
  .text                  ro code   0x800'64d0     0xc  main.o [1]
  .text                  ro code   0x800'64dc     0xc  MeasureTask.o [3]
  SHT$$PREINIT_ARRAY               0x800'64e8     0x4  <Block>
    .preinit_array       const     0x800'64e8     0x4  iostream_cout.o [7]
  SHT$$INIT_ARRAY                  0x800'64ec     0x8  <Block>
    .init_array          const     0x800'64ec     0x4  main.o [1]
    .init_array          const     0x800'64f0     0x4  ios.o [7]
  __iar_tls$$INIT_ARRAY            0x800'64f4     0x0  <Block>
  .rodata                const     0x800'64f4     0x4  MeasureTask.o [3]
  .rodata                const     0x800'64f8     0x8  main.o [1]
  .rodata                const     0x800'6500     0x8  main.o [1]
  .rodata                const     0x800'6508     0x8  main.o [1]
  .rodata                const     0x800'6510     0x8  main.o [1]
  .rodata                const     0x800'6518     0x8  MeasureTask.o [3]
  .rodata                const     0x800'6520     0x8  MeasureTask.o [3]
  .rodata                const     0x800'6528     0x8  MeasureTask.o [3]
  .rodata                const     0x800'6530     0x8  tasks.o [4]
  .rodata                const     0x800'6538     0x8  timers.o [4]
  .rodata                const     0x800'6540     0x8  timers.o [4]
  .text                  ro code   0x800'6548     0x8  startupF411RE.o [1]
  .text                  ro code   0x800'6550     0x8  startupF411RE.o [1]
  .text                  ro code   0x800'6558     0x8  startupF411RE.o [1]
  .text                  ro code   0x800'6560     0x8  startupF411RE.o [1]
  .rodata                const     0x800'6568     0x4  MeasureTask.o [3]
  .rodata                const     0x800'656c     0x4  port.o [5]
  .text                  ro code   0x800'6570     0x4  MeasureTask.o [3]
  .text                  ro code   0x800'6574     0x4  MeasureTask.o [3]
  .text                  ro code   0x800'6578     0x4  iostream_cout.o [7]
  .text                  ro code   0x800'657c     0x0  cstart_call_dtors.o [10]
  .rodata                const     0x800'657c     0x0  zero_init3.o [10]
  .rodata                const     0x800'657c     0x0  copy_init3.o [10]
                                 - 0x800'657c  0x63e4

"P2", part 1 of 3:                               0x54
  P2-1                            0x2000'0000    0x51  <Init block>
    .data                inited   0x2000'0000     0x4  main.o [1]
    .data                inited   0x2000'0004     0x4  main.o [1]
    .data                inited   0x2000'0008     0x4  main.o [1]
    .data                inited   0x2000'000c     0x4  main.o [1]
    .data                inited   0x2000'0010     0x4  main.o [1]
    .data                inited   0x2000'0014    0x10  main.o [1]
    .data                inited   0x2000'0024     0x4  main.o [1]
    .data                inited   0x2000'0028     0x8  main.o [1]
    .data                inited   0x2000'0030     0x8  main.o [1]
    .data                inited   0x2000'0038     0x8  main.o [1]
    .data                inited   0x2000'0040     0x4  main.o [1]
    .data                inited   0x2000'0044     0x4  port.o [5]
    .data                inited   0x2000'0048     0x8  XShttio.o [6]
    .data                inited   0x2000'0050     0x1  rcfilter.o [2]
                                - 0x2000'0051    0x51

"P2", part 2 of 3:                             0x1794
  .bss                   zero     0x2000'0058   0x470  main.o [1]
  .bss                   zero     0x2000'04c8   0x470  main.o [1]
  .bss                   zero     0x2000'0938   0x468  main.o [1]
  .bss                   zero     0x2000'0da0   0x400  tasks.o [4]
  .bss                   zero     0x2000'11a0   0x200  tasks.o [4]
  .bss                   zero     0x2000'13a0    0xa0  timers.o [4]
  .bss                   zero     0x2000'1440    0x70  iostream_cout.o [7]
  .bss                   zero     0x2000'14b0    0x64  tasks.o [4]
  .bss                   zero     0x2000'1514    0x50  main.o [1]
  .bss                   zero     0x2000'1564    0x50  tasks.o [4]
  .bss                   zero     0x2000'15b4    0x50  tasks.o [4]
  .bss                   zero     0x2000'1604    0x48  timers.o [4]
  .bss                   zero     0x2000'164c    0x40  queue.o [4]
  .bss                   zero     0x2000'168c    0x34  ios.o [7]
  .bss                   zero     0x2000'16c0    0x14  main.o [1]
  .bss                   zero     0x2000'16d4    0x14  MeasureTask.o [3]
  .bss                   zero     0x2000'16e8    0x14  tasks.o [4]
  .bss                   zero     0x2000'16fc    0x14  tasks.o [4]
  .bss                   zero     0x2000'1710    0x14  tasks.o [4]
  .bss                   zero     0x2000'1724    0x14  tasks.o [4]
  .bss                   zero     0x2000'1738    0x14  timers.o [4]
  .bss                   zero     0x2000'174c    0x14  timers.o [4]
  .bss                   zero     0x2000'1760    0x10  ios.o [7]
  .bss                   zero     0x2000'1770     0x8  heap0.o [6]
  .bss                   zero     0x2000'1778     0x4  MeasureTask.o [3]
  .bss                   zero     0x2000'177c     0x4  MeasureTask.o [3]
  .bss                   zero     0x2000'1780     0x4  port.o [5]
  .bss                   zero     0x2000'1784     0x4  tasks.o [4]
  .bss                   zero     0x2000'1788     0x4  tasks.o [4]
  .bss                   zero     0x2000'178c     0x4  tasks.o [4]
  .bss                   zero     0x2000'1790     0x4  tasks.o [4]
  .bss                   zero     0x2000'1794     0x4  tasks.o [4]
  .bss                   zero     0x2000'1798     0x4  tasks.o [4]
  .bss                   zero     0x2000'179c     0x4  tasks.o [4]
  .bss                   zero     0x2000'17a0     0x4  tasks.o [4]
  .bss                   zero     0x2000'17a4     0x4  tasks.o [4]
  .bss                   zero     0x2000'17a8     0x4  tasks.o [4]
  .bss                   zero     0x2000'17ac     0x4  tasks.o [4]
  .bss                   zero     0x2000'17b0     0x4  tasks.o [4]
  .bss                   zero     0x2000'17b4     0x4  tasks.o [4]
  .bss                   zero     0x2000'17b8     0x4  tasks.o [4]
  .bss                   zero     0x2000'17bc     0x4  timers.o [4]
  .bss                   zero     0x2000'17c0     0x4  timers.o [4]
  .bss                   zero     0x2000'17c4     0x4  timers.o [4]
  .bss                   zero     0x2000'17c8     0x4  timers.o [4]
  .bss                   zero     0x2000'17cc     0x4  timers.o [4]
  .bss                   zero     0x2000'17d0     0x4  cppinit.o [6]
  .bss                   zero     0x2000'17d4     0x4  cppinit.o [6]
  .bss                   zero     0x2000'17d8     0x4  new.o [8]
  .bss                   zero     0x2000'17dc     0x4  xgetmemchunk.o [6]
  .bss                   zero     0x2000'17e0     0x4  xfail_s.o [6]
  .bss                   zero     0x2000'17e4     0x1  MeasureTask.o [3]
  .bss                   zero     0x2000'17e5     0x1  MeasureTask.o [3]
  .bss                   zero     0x2000'17e6     0x1  MeasureTask.o [3]
  .bss                   zero     0x2000'17e7     0x1  port.o [5]
                                - 0x2000'17e8  0x1794

"P2", part 3 of 3:                             0x21b0
  .iar.dynexit                    0x2000'17e8   0x1b0  <Block>
    .iar.dynexit         uninit   0x2000'17e8     0xc  cppinit.o [6]
    .iar.dynexit         uninit   0x2000'17f4   0x1a4  <Block tail>
  CSTACK                          0x2000'1998  0x1000  <Block>
    CSTACK               uninit   0x2000'1998  0x1000  <Block tail>
  HEAP                            0x2000'2998  0x1000  <Block>
    HEAP                 uninit   0x2000'2998  0x1000  <Block tail>
                                - 0x2000'3998  0x21b0

Unused ranges:

         From           To      Size
         ----           --      ----
   0x800'657c   0x807'ffff  0x7'9a84
  0x2000'3998  0x2001'ffff  0x1'c668


*******************************************************************************
*** INIT TABLE
***

          Address      Size
          -------      ----
Zero (__iar_zero_init3)
    1 destination range, total size 0x1790:
          0x2000'0058  0x1790

Copy (__iar_copy_init3)
    1 source range, total size 0x54 (103% of destination):
           0x800'5b90    0x54
    1 destination range, total size 0x51:
          0x2000'0000    0x51

Extra (__iar_cstart_call_ctors)



*******************************************************************************
*** MODULE SUMMARY
***

    Module               ro code  ro data  rw data
    ------               -------  -------  -------
command line/config:
    ----------------------------------------------
    Total:

C:\projects\micro\RtosWrapper\Debug\Obj: [1]
    main.o                 1'982      272    3'569
    startupF411RE.o           50      408
    ----------------------------------------------
    Total:                 2'032      680    3'569

C:\projects\micro\RtosWrapper\Debug\Obj\Application\Implementation: [2]
    rcfilter.o               118       13        1
    ----------------------------------------------
    Total:                   118       13        1

C:\projects\micro\RtosWrapper\Debug\Obj\MyTasks: [3]
    ButtonTask.o             218       88
    LedManagerTask.o         152       12
    MeasureTask.o          6'460      331       33
    ----------------------------------------------
    Total:                 6'830      431       33

C:\projects\micro\RtosWrapper\Debug\Obj\Rtos\FreeRtos: [4]
    list.o                   154
    queue.o                1'728                64
    tasks.o                2'240        8    1'932
    timers.o               1'000       16      292
    ----------------------------------------------
    Total:                 5'122       24    2'288

C:\projects\micro\RtosWrapper\Debug\Obj\Rtos\FreeRtos\portable\IAR\ARM_CM4F: [5]
    port.o                   392        8        9
    portasm.o                168
    ----------------------------------------------
    Total:                   560        8        9

dl7M_tln.a: [6]
    XShttio.o                  8        8        8
    abort.o                    6
    cppinit.o                160                20
    exit.o                     4
    heap0.o                  316                 8
    heaptramp0.o               4
    putchar.o                 32
    sprintf.o                 64
    strcspn.o                 34
    xfail_s.o                 64                 4
    xgetmemchunk.o            44                 4
    xprintffull_nomb.o     3'726
    xsprout.o                 10
    ----------------------------------------------
    Total:                 4'472        8       44

dlpp7M_tls_nc.a: [7]
    ios.o                    256       20       68
    iostream_cout.o          434      196      112
    ----------------------------------------------
    Total:                   690      216      180

dlpprt7M_tl_nc.a: [8]
    cxxabi.o                  10
    delop4_0.o                 4
    delop_0.o                 10
    new.o                                        4
    newop_0.o                 36
    nomemory.o                 4
    ----------------------------------------------
    Total:                    64                 4

m7M_tls.a: [9]
    DblAddSub.o              590
    DblCmpEq.o                32
    DblCmpGe.o                52
    DblCmpLe.o                52
    DblDiv.o                 582
    DblMul.o                 426
    DblToS32.o                54
    DblToU32.o                34
    FltToDbl.o                72
    S32ToDbl.o                34
    S64ToFlt.o                90
    U32ToDbl.o                28
    expf.o                    90
    fpinit_M.o                34
    frexp.o                  112
    ldexp.o                  314
    xexpf.o                  222       68
    ----------------------------------------------
    Total:                 2'818       68

rt7M_tl.a: [10]
    ABImemcpy.o              166
    ABImemmove.o             150
    ABImemset.o              102
    I64DivMod.o              628
    I64DivZer.o                2
    cexit.o                   14
    cmain.o                   30
    cmain_call_ctors.o        32
    copy_init3.o              42
    cstart_call_dtors.o
    data_init.o               40
    memchr.o                  88
    strchr.o                  22
    strlen.o                  54
    zero_init3.o              56
    ----------------------------------------------
    Total:                 1'426

shb_l.a: [11]
    ABIassert.o               36
    dwrite.o                  30
    exit.o                    20
    iarttio.o                124
    iarwrite.o                34
    iarwstd.o                 32
    unwind_debug.o                      1
    write.o                   16
    ----------------------------------------------
    Total:                   292        1

    Gaps                      51       10        4
    Linker created                     43    8'612
--------------------------------------------------
    Grand Total:          24'475    1'502   14'744


*******************************************************************************
*** ENTRY LIST
***

Entry                       Address   Size  Type      Object
-----                       -------   ----  ----      ------
.iar.dynexit$$Base      0x2000'17e8          --   Gb  - Linker created -
.iar.dynexit$$Limit     0x2000'1998          --   Gb  - Linker created -
.iar.init_table$$Base    0x800'6194          --   Gb  - Linker created -
.iar.init_table$$Limit   0x800'61bc          --   Gb  - Linker created -
?main                    0x800'61dd         Code  Gb  cmain.o [10]
Adc<unsigned int>::GetData()
                         0x800'549b    0xa  Code  Wk  MeasureTask.o [3]
Adc<unsigned int>::StartConversion()
                         0x800'5483    0xa  Code  Wk  MeasureTask.o [3]
Adc<unsigned int>::TurnOn()
                         0x800'5479    0xa  Code  Wk  MeasureTask.o [3]
Adc<unsigned int>::WaitEndOfConvertion()
                         0x800'548d    0xe  Code  Wk  MeasureTask.o [3]
Aldata                  0x2000'1770    0x8  Data  Lc  heap0.o [6]
Button<(unsigned int)1073874960, (unsigned int)13, (bool)1>::IsPressed()
                         0x800'6245   0x18  Code  Wk  main.o [1]
ButtonTask::ButtonTask(IButton &, std::chrono::duration<long long, std::ratio<(long long)1, (long long)1000>>, OsWrapper::MailBox<bool, (unsigned int)1> &)
                         0x800'4ec1   0x34  Code  Wk  main.o [1]
ButtonTask::Execute()    0x800'59cd   0x54  Code  Gb  ButtonTask.o [3]
CSTACK$$Base            0x2000'1998          --   Gb  - Linker created -
CSTACK$$Limit           0x2000'2998          --   Gb  - Linker created -
ChessMode<leds>::Execute()
                         0x800'5cfd   0x44  Code  Wk  main.o [1]
ChessMode<leds>::Init()
                         0x800'5cb1   0x44  Code  Wk  main.o [1]
DtorRecArray            0x2000'17e8    0xc  Data  Lc  cppinit.o [6]
DummyModule::handler()   0x800'62e5    0x2  Code  Gb  startupF411RE.o [1]
HEAP$$Base              0x2000'2998          --   Gb  - Linker created -
HEAP$$Limit             0x2000'3998          --   Gb  - Linker created -
IFilter::IFilter()       0x800'5221    0x2  Code  Wk  main.o [1]
IFilter::IFilter() [subobject]
                         0x800'50df    0xc  Code  Wk  main.o [1]
ILedToggleable * * std::_Addressof<ILedToggleable *>(ILedToggleable * &, std::integral_constant<bool, (bool)0>)
                         0x800'5df1    0x2  Code  Wk  main.o [1]
ILedToggleable * * std::addressof<ILedToggleable *>(ILedToggleable * &)
                         0x800'5da9   0x14  Code  Wk  main.o [1]
Initialization guard variable for std::ctype<char> const & std::use_facet<std::ctype<char>>()::_MyFacet
                        0x2000'17e5    0x1  Data  Wk  MeasureTask.o [3]
Initialization guard variable for std::num_put<char, std::ostreambuf_iterator<char, std::char_traits<char>>> const & std::use_facet<std::num_put<char, std::ostreambuf_iterator<char, std::char_traits<char>>>>()::_MyFacet
                        0x2000'17e4    0x1  Data  Wk  MeasureTask.o [3]
Initialization guard variable for std::numpunct<char> const & std::use_facet<std::numpunct<char>>()::_MyFacet
                        0x2000'17e6    0x1  Data  Wk  MeasureTask.o [3]
Led<(unsigned int)1073872916, (unsigned int)5>::SwitchOff()
                         0x800'63f9   0x10  Code  Wk  main.o [1]
Led<(unsigned int)1073872916, (unsigned int)5>::Toggle()
                         0x800'63b9   0x10  Code  Wk  main.o [1]
Led<(unsigned int)1073874964, (unsigned int)5>::SwitchOff()
                         0x800'6429   0x10  Code  Wk  main.o [1]
Led<(unsigned int)1073874964, (unsigned int)5>::Toggle()
                         0x800'63e9   0x10  Code  Wk  main.o [1]
Led<(unsigned int)1073874964, (unsigned int)8>::SwitchOff()
                         0x800'6419   0x10  Code  Wk  main.o [1]
Led<(unsigned int)1073874964, (unsigned int)8>::Toggle()
                         0x800'63d9   0x10  Code  Wk  main.o [1]
Led<(unsigned int)1073874964, (unsigned int)9>::SwitchOff()
                         0x800'6409   0x10  Code  Wk  main.o [1]
Led<(unsigned int)1073874964, (unsigned int)9>::Toggle()
                         0x800'63c9   0x10  Code  Wk  main.o [1]
LedManagerTask::Execute()
                         0x800'5a75   0x52  Code  Gb  LedManagerTask.o [3]
LedManagerTask::LedManagerTask(IModeManager &, std::chrono::duration<long long, std::ratio<(long long)1, (long long)1000>>, OsWrapper::MailBox<bool, (unsigned int)1> &)
                         0x800'4e8d   0x34  Code  Wk  main.o [1]
MeasureTask::Execute()   0x800'5381   0xf8  Code  Gb  MeasureTask.o [3]
MeasureTask::MeasureTask(std::chrono::duration<long long, std::ratio<(long long)1, (long long)1000>>, IFilter &)
                         0x800'4ef5   0x28  Code  Wk  main.o [1]
ModeManager<modes>::SetNextMode()
                         0x800'6015   0x2c  Code  Wk  main.o [1]
ModeManager<modes>::Update()
                         0x800'6211   0x1c  Code  Wk  main.o [1]
OsWrapper::IThread::IThread()
                         0x800'5377    0xa  Code  Wk  main.o [1]
OsWrapper::IThread::IThread() [subobject]
                         0x800'536b    0xc  Code  Wk  main.o [1]
OsWrapper::IThread::Run()
                         0x800'62b5   0x14  Code  Wk  main.o [1]
OsWrapper::IThread::Sleep(std::chrono::duration<long long, std::ratio<(long long)1, (long long)1000>>)
                         0x800'5577   0x1a  Code  Wk  ButtonTask.o [3]
OsWrapper::MailBox<bool, (unsigned int)1>::Get(bool &, std::chrono::duration<long long, std::ratio<(long long)1, (long long)1000>>)
                         0x800'5ac7   0x24  Code  Wk  LedManagerTask.o [3]
OsWrapper::MailBox<bool, (unsigned int)1>::MailBox()
                         0x800'4dc9   0x1e  Code  Wk  main.o [1]
OsWrapper::MailBox<bool, (unsigned int)1>::Put(bool const &)
                         0x800'5a21   0x10  Code  Wk  ButtonTask.o [3]
OsWrapper::MailBox<bool, (unsigned int)1>::~MailBox()
                         0x800'6439    0xe  Code  Wk  main.o [1]
OsWrapper::Rtos::HandleSvcInterrupt()
                         0x800'6559    0x8  Code  Wk  startupF411RE.o [1]
OsWrapper::Rtos::HandleSysTickInterrupt()
                         0x800'6561    0x8  Code  Wk  startupF411RE.o [1]
OsWrapper::Rtos::Run(void *)
                         0x800'64d1    0xc  Code  Wk  main.o [1]
OsWrapper::Rtos::Start()
                         0x800'50b5    0x8  Code  Wk  main.o [1]
OsWrapper::RtosWrapper::wGetTicks()
                         0x800'62c9    0x8  Code  Wk  main.o [1]
OsWrapper::RtosWrapper::wHandleSvcInterrupt()
                         0x800'6549    0x8  Code  Wk  startupF411RE.o [1]
OsWrapper::RtosWrapper::wHandleSysTickInterrupt()
                         0x800'6551    0x8  Code  Wk  startupF411RE.o [1]
OsWrapper::RtosWrapper::wMailBoxCreate(unsigned short, unsigned short, unsigned char *, xSTATIC_QUEUE &)
                         0x800'50bf   0x20  Code  Wk  main.o [1]
OsWrapper::RtosWrapper::wMailBoxDelete(void *&)
                         0x800'6447    0xc  Code  Wk  main.o [1]
OsWrapper::RtosWrapper::wMailBoxGet(void *&, void *, unsigned int)
                         0x800'5aeb   0x22  Code  Wk  LedManagerTask.o [3]
OsWrapper::RtosWrapper::wMailBoxPut(void *&, void const *)
                         0x800'5a55   0x20  Code  Wk  ButtonTask.o [3]
OsWrapper::RtosWrapper::wSleep(unsigned int)
                         0x800'56b5    0xc  Code  Wk  ButtonTask.o [3]
OsWrapper::RtosWrapper::wStart()
                         0x800'5219    0x8  Code  Wk  main.o [1]
OsWrapper::Thread<(unsigned int)256>::Thread()
                         0x800'527f    0xe  Code  Wk  main.o [1]
OsWrapper::Thread<(unsigned int)256>::Thread() [subobject]
                         0x800'5163    0xc  Code  Wk  main.o [1]
RCFilter::CalculateThau(float, float)
                         0x800'5125   0x3e  Code  Gb  rcfilter.o [2]
RCFilter::FilterValue(float)
                         0x800'50ed   0x34  Code  Gb  rcfilter.o [2]
RCFilter::FilterValue(float)::firstMeasure
                        0x2000'0050    0x1  Data  Lc  rcfilter.o [2]
RCFilter::RCFilter(float, float)
                         0x800'4e49   0x44  Code  Wk  main.o [1]
Region$$Table$$Base      0x800'6194          --   Gb  - Linker created -
Region$$Table$$Limit     0x800'61bc          --   Gb  - Linker created -
SHT$$INIT_ARRAY$$Base    0x800'64ec          --   Gb  - Linker created -
SHT$$INIT_ARRAY$$Limit   0x800'64f4          --   Gb  - Linker created -
SHT$$PREINIT_ARRAY$$Base
                         0x800'64e8          --   Gb  - Linker created -
SHT$$PREINIT_ARRAY$$Limit
                         0x800'64ec          --   Gb  - Linker created -
SystemCoreClock         0x2000'0040    0x4  Data  Gb  main.o [1]
TreeMode<leds>::Execute()
                         0x800'6049   0x2c  Code  Wk  main.o [1]
TreeMode<leds>::Init()   0x800'609d   0x28  Code  Wk  main.o [1]
Virtual function table for Adc<unsigned int>
                         0x800'5fe8   0x2c  Data  Wk  MeasureTask.o [3]
Virtual function table for Button<(unsigned int)1073874960, (unsigned int)13, (bool)1>
                         0x800'6494    0xc  Data  Wk  main.o [1]
Virtual function table for ButtonTask
                         0x800'647c    0xc  Data  Wk  ButtonTask.o [3]
Virtual function table for ChessMode<leds>
                         0x800'6338   0x10  Data  Wk  main.o [1]
Virtual function table for Led<(unsigned int)1073872916, (unsigned int)5>
                         0x800'62f8   0x10  Data  Wk  main.o [1]
Virtual function table for Led<(unsigned int)1073874964, (unsigned int)5>
                         0x800'6328   0x10  Data  Wk  main.o [1]
Virtual function table for Led<(unsigned int)1073874964, (unsigned int)8>
                         0x800'6318   0x10  Data  Wk  main.o [1]
Virtual function table for Led<(unsigned int)1073874964, (unsigned int)9>
                         0x800'6308   0x10  Data  Wk  main.o [1]
Virtual function table for LedManagerTask
                         0x800'6488    0xc  Data  Wk  LedManagerTask.o [3]
Virtual function table for MeasureTask
                         0x800'64b8    0xc  Data  Wk  MeasureTask.o [3]
Virtual function table for ModeManager<modes>
                         0x800'62a0   0x14  Data  Wk  main.o [1]
Virtual function table for RCFilter
                         0x800'64c4    0xc  Data  Wk  rcfilter.o [2]
Virtual function table for TreeMode<leds>
                         0x800'6348   0x10  Data  Wk  main.o [1]
Virtual function table for std::_Wrap_facet<std::ctype<char>>
                         0x800'6378   0x10  Data  Wk  MeasureTask.o [3]
Virtual function table for std::_Wrap_facet<std::num_put<char, std::ostreambuf_iterator<char, std::char_traits<char>>>>
                         0x800'5f70   0x30  Data  Wk  MeasureTask.o [3]
Virtual function table for std::_Wrap_facet<std::numpunct<char>>
                         0x800'6110   0x24  Data  Wk  MeasureTask.o [3]
Virtual function table for std::__nobasic_filebuf<char, std::char_traits<char>>
                         0x800'5c28   0x44  Data  Wk  iostream_cout.o [7]
Virtual function table for std::ctype<char>
                         0x800'6368   0x10  Data  Wk  MeasureTask.o [3]
Virtual function table for std::ios
                         0x800'63a8   0x10  Data  Wk  iostream_cout.o [7]
Virtual function table for std::ios_base
                         0x800'6398   0x10  Data  Wk  ios.o [7]
Virtual function table for std::num_put<char, std::ostreambuf_iterator<char, std::char_traits<char>>>
                         0x800'5f40   0x30  Data  Wk  MeasureTask.o [3]
Virtual function table for std::numpunct<char>
                         0x800'60ec   0x24  Data  Wk  MeasureTask.o [3]
Virtual function table for std::ostream
                         0x800'6074   0x28  Data  Wk  iostream_cout.o [7]
Virtual function table for std::streambuf
                         0x800'5be4   0x44  Data  Wk  iostream_cout.o [7]
[local to ios_cpp]::std::stdopens
                        0x2000'168c    0xc  Data  Lc  ios.o [7]
[local to ios_cpp]::std::stdstr
                        0x2000'1698   0x28  Data  Lc  ios.o [7]
[local to iostream_cout_cpp]::std::__iarcoutguard
                        0x2000'146c    0x1  Data  Lc  iostream_cout.o [7]
[local to iostream_cout_cpp]::std::fout
                        0x2000'1470   0x40  Data  Lc  iostream_cout.o [7]
_LC                      0x800'0199    0x6  Code  Lc  xprintffull_nomb.o [6]
_LitobFullNoMb           0x800'0e29  0x114  Code  Lc  xprintffull_nomb.o [6]
_PrintfFullNoMb          0x800'019f  0xc76  Code  Gb  xprintffull_nomb.o [6]
_PutcharsFullNoMb        0x800'0f95   0x2e  Code  Lc  xprintffull_nomb.o [6]
_SProut                  0x800'1067    0xa  Code  Gb  xsprout.o [6]
__aeabi_assert           0x800'5a31   0x24  Code  Gb  ABIassert.o [11]
__aeabi_atexit           0x800'3a21    0xa  Code  Gb  cxxabi.o [8]
__aeabi_cdcmpeq          0x800'4549         Code  Gb  DblCmpEq.o [9]
__aeabi_cdcmple          0x800'125d         Code  Gb  DblCmpLe.o [9]
__aeabi_cdrcmple         0x800'1291         Code  Gb  DblCmpGe.o [9]
__aeabi_d2iz             0x800'1401         Code  Gb  DblToS32.o [9]
__aeabi_d2uiz            0x800'18f5         Code  Gb  DblToU32.o [9]
__aeabi_ddiv             0x800'16ad         Code  Gb  DblDiv.o [9]
__aeabi_dmul             0x800'1935         Code  Gb  DblMul.o [9]
__aeabi_dsub             0x800'15c9         Code  Gb  DblAddSub.o [9]
__aeabi_f2d              0x800'55fd         Code  Gb  FltToDbl.o [9]
__aeabi_i2d              0x800'1439         Code  Gb  S32ToDbl.o [9]
__aeabi_l2f              0x800'4ded         Code  Gb  S64ToFlt.o [9]
__aeabi_ldiv0            0x800'1d5d         Code  Gb  I64DivZer.o [10]
__aeabi_ldivmod          0x800'1ae1         Code  Gb  I64DivMod.o [10]
__aeabi_memcpy           0x800'1145         Code  Gb  ABImemcpy.o [10]
__aeabi_memcpy4          0x800'1165         Code  Gb  ABImemcpy.o [10]
__aeabi_memcpy8          0x800'1165         Code  Gb  ABImemcpy.o [10]
__aeabi_memmove          0x800'3dfd         Code  Gb  ABImemmove.o [10]
__aeabi_memmove4         0x800'3dfd         Code  Gb  ABImemmove.o [10]
__aeabi_memmove8         0x800'3dfd         Code  Gb  ABImemmove.o [10]
__aeabi_memset           0x800'3fe5         Code  Gb  ABImemset.o [10]
__aeabi_ui2d             0x800'1919         Code  Gb  U32ToDbl.o [9]
__aeabi_uldivmod         0x800'1b25         Code  Gb  I64DivMod.o [10]
__basic_free             0x800'4275   0x16  Code  Gb  heap0.o [6]
__basic_free_intern      0x800'428b   0x74  Code  Lc  heap0.o [6]
__basic_malloc           0x800'41c9   0x18  Code  Gb  heap0.o [6]
__basic_malloc_intern    0x800'41e1   0x94  Code  Lc  heap0.o [6]
__call_ctors             0x800'3c65   0x18  Code  Gb  cppinit.o [6]
__call_dtors             0x800'3cb3    0xc  Code  Gb  cppinit.o [6]
__call_dtors0            0x800'3cbf   0x36  Code  Gb  cppinit.o [6]
__cexit_call_dtors       0x800'6203         Code  Gb  cexit.o [10]
__cmain                  0x800'61dd         Code  Gb  cmain.o [10]
__cstart_call_dtors      0x800'657c         Data  Gb  cstart_call_dtors.o [10]
__cxa_atexit             0x800'3c7d   0x36  Code  Gb  cppinit.o [6]
__data_GetMemChunk       0x800'432d   0x2c  Code  Gb  xgetmemchunk.o [6]
__data_GetMemChunk::start
                        0x2000'17dc    0x4  Data  Lc  xgetmemchunk.o [6]
__dso_handle            0x2000'17d4    0x4  Data  Gb  cppinit.o [6]
__dwrite                 0x800'5ea9   0x1e  Code  Gb  dwrite.o [11]
__exit                   0x800'1d61   0x14  Code  Gb  exit.o [11]
__iar_Fail_s             0x800'1071   0x1c  Code  Gb  xfail_s.o [6]
__iar_Memchr             0x800'10ed         Code  Gb  memchr.o [10]
__iar_Memset             0x800'3fe5         Code  Gb  ABImemset.o [10]
__iar_Memset_word        0x800'3fed         Code  Gb  ABImemset.o [10]
__iar_Strchr             0x800'1051         Code  Gb  strchr.o [10]
__iar_close_ttio         0x800'1d75   0x2c  Code  Gb  iarttio.o [11]
__iar_copy_init3         0x800'1027   0x2a  Code  Gb  copy_init3.o [10]
__iar_cstart_call_ctors
                         0x800'61bd   0x20  Code  Gb  cmain_call_ctors.o [10]
__iar_data_init3         0x800'60c5   0x28  Code  Gb  data_init.o [10]
__iar_debug_exceptions   0x800'18f2    0x1  Data  Gb  unwind_debug.o [11]
__iar_exp32              0x800'5225         Code  Gb  expf.o [9]
__iar_expf_OutBnd        0x800'5255         Code  Gb  expf.o [9]
__iar_expf_cTab          0x800'5c6c         Data  Gb  xexpf.o [9]
__iar_frexp              0x800'11f9         Code  Gb  frexp.o [9]
__iar_frexpl             0x800'11f9         Code  Gb  frexp.o [9]
__iar_get_ttio           0x800'1da1   0x4c  Code  Gb  iarttio.o [11]
__iar_init_vfp           0x800'6171         Code  Gb  fpinit_M.o [9]
__iar_ldexp64            0x800'12c5         Code  Gb  ldexp.o [9]
__iar_lookup_ttioh       0x800'1df1    0x8  Code  Gb  XShttio.o [6]
__iar_program_start      0x800'62e7   0x10  Code  Gb  startupF411RE.o [1]
__iar_scalbln64          0x800'12c5         Code  Gb  ldexp.o [9]
__iar_scalbn64           0x800'12c5         Code  Gb  ldexp.o [9]
__iar_sh_stdout          0x800'5ec7   0x20  Code  Gb  iarwstd.o [11]
__iar_sh_write           0x800'5ee7   0x22  Code  Gb  iarwrite.o [11]
__iar_softfp___iar_frexp64
                         0x800'11ed         Code  Gb  frexp.o [9]
__iar_softfp_frexp       0x800'11ed         Code  Gb  frexp.o [9]
__iar_softfp_frexpl      0x800'11ed         Code  Gb  frexp.o [9]
__iar_tls$$INIT_ARRAY$$Base
                         0x800'64f4          --   Gb  - Linker created -
__iar_tls$$INIT_ARRAY$$Limit
                         0x800'64f4          --   Gb  - Linker created -
__iar_ttio_handles      0x2000'0048    0x8  Data  Lc  XShttio.o [6]
__iar_xexp2f             0x800'5299         Code  Gb  xexpf.o [9]
__iar_xexpf              0x800'528d         Code  Gb  xexpf.o [9]
__iar_xsinhf             0x800'529d         Code  Gb  xexpf.o [9]
__iar_zero_init3         0x800'5f09   0x38  Code  Gb  zero_init3.o [10]
__low_level_init         0x800'4d17   0x4a  Code  Gb  main.o [1]
__sti__routine           0x800'4c7d   0x9a  Code  Lc  main.o [1]
__sti__routine           0x800'4a7f    0xa  Code  Lc  ios.o [7]
__sti__routine           0x800'56f9   0x90  Code  Lc  iostream_cout.o [7]
__vector_table           0x800'0000  0x198  Data  Gb  startupF411RE.o [1]
__write                  0x800'5e99   0x10  Code  Gb  write.o [11]
_call_main               0x800'61e9         Code  Gb  cmain.o [10]
_exit                    0x800'6201         Code  Gb  cexit.o [10]
abort                    0x800'1d55    0x6  Code  Gb  abort.o [6]
bool FieldValueBase<ADC1_SR_EOC_Values<ADC1::SR, (unsigned int)1, (unsigned int)1, ReadWriteMode, ADC1::ADC1SRBase>, ADC1::ADC1SRBase, (unsigned int)1>::IsSet<ReadWriteMode, void>()
                         0x800'55b9   0x10  Code  Wk  MeasureTask.o [3]
bool FieldValueBase<RCC_CFGR_SWS_Values<RCC::CFGR, (unsigned int)2, (unsigned int)2, ReadMode, RCC::RCCCFGRBase>, RCC::RCCCFGRBase, (unsigned int)0>::IsSet<ReadMode, void>()
                         0x800'4f59   0x18  Code  Wk  main.o [1]
bool FieldValueBase<RCC_CR_HSIRDY_Values<RCC::CR, (unsigned int)1, (unsigned int)1, ReadMode, RCC::RCCCRBase>, RCC::RCCCRBase, (unsigned int)0>::IsSet<ReadMode, void>()
                         0x800'4f31   0x18  Code  Wk  main.o [1]
button                  0x2000'0000    0x4  Data  Gb  main.o [1]
buttonTask              0x2000'04c8  0x470  Data  Gb  main.o [1]
char * && std::forward<char *>(std::remove_reference<char *>::type &)
                         0x800'4107    0x2  Code  Wk  MeasureTask.o [3]
char * std::_Addressof<char>(char &, std::integral_constant<bool, (bool)0>)
                         0x800'3f61    0x2  Code  Wk  MeasureTask.o [3]
char * std::_Allocate<char>(unsigned int, char *)
                         0x800'4185   0x18  Code  Wk  MeasureTask.o [3]
char * std::_Maklocstr<char>(char const *, char *)
                         0x800'412f   0x34  Code  Wk  MeasureTask.o [3]
char * std::addressof<char>(char &)
                         0x800'3bed   0x14  Code  Wk  MeasureTask.o [3]
char std::_Maklocchr<char>(char, char *)
                         0x800'40e5    0x4  Code  Wk  MeasureTask.o [3]
chessMode               0x2000'0024    0x4  Data  Gb  main.o [1]
const std::allocator<char>& && std::forward<const std::allocator<char>&>(std::remove_reference<const std::allocator<char>&>::type &)
                         0x800'4077    0x2  Code  Wk  MeasureTask.o [3]
exit                     0x800'61fb    0x4  Code  Gb  exit.o [6]
expf                     0x800'5225         Code  Gb  expf.o [9]
free                     0x800'41c3    0x4  Code  Gb  heaptramp0.o [6]
ldexp                    0x800'12c5         Code  Gb  ldexp.o [9]
ldexpl                   0x800'12c5         Code  Gb  ldexp.o [9]
led1                    0x2000'0004    0x4  Data  Gb  main.o [1]
led2                    0x2000'0008    0x4  Data  Gb  main.o [1]
led3                    0x2000'000c    0x4  Data  Gb  main.o [1]
led4                    0x2000'0010    0x4  Data  Gb  main.o [1]
ledManagerTask          0x2000'0058  0x470  Data  Gb  main.o [1]
leds                    0x2000'0014   0x10  Data  Gb  main.o [1]
mailBox                 0x2000'1514   0x50  Data  Gb  main.o [1]
main                     0x800'4d61   0x28  Code  Gb  main.o [1]
measureTask             0x2000'0938  0x468  Data  Gb  main.o [1]
memchr                   0x800'10ed         Code  Gb  memchr.o [10]
modeManager             0x2000'0038    0x8  Data  Gb  main.o [1]
modes                   0x2000'0030    0x8  Data  Gb  main.o [1]
next_abi_dtor_rec       0x2000'17d0    0x4  Data  Lc  cppinit.o [6]
operator delete (void *)
                         0x800'4125    0xa  Code  Gb  delop_0.o [8]
operator delete (void *, unsigned int)
                         0x800'4be9    0x4  Code  Gb  delop4_0.o [8]
operator new (unsigned int)
                         0x800'4305   0x24  Code  Gb  newop_0.o [8]
operator new (unsigned int, void *)
                         0x800'4329    0x4  Code  Wk  MeasureTask.o [3]
pcInterruptPriorityRegisters
                         0x800'656c    0x4  Data  Lc  port.o [5]
prvAddCurrentTaskToDelayedList
                         0x800'25d1   0x82  Code  Lc  tasks.o [4]
prvAddNewTaskToReadyList
                         0x800'1ef7   0x9a  Code  Lc  tasks.o [4]
prvCheckForValidListAndQueue
                         0x800'2c25   0x4c  Code  Lc  timers.o [4]
prvCheckForValidListAndQueue{1}{2}{3}{4}::ucStaticTimerQueueStorage
                        0x2000'13a0   0xa0  Data  Lc  timers.o [4]
prvCheckForValidListAndQueue{1}{2}{3}{4}::xStaticTimerQueue
                        0x2000'1604   0x48  Data  Lc  timers.o [4]
prvCheckTasksWaitingTermination
                         0x800'2419    0x2  Code  Lc  tasks.o [4]
prvCopyDataFromQueue     0x800'32a9   0x36  Code  Lc  queue.o [4]
prvCopyDataToQueue       0x800'320d   0x9c  Code  Lc  queue.o [4]
prvGetNextExpireTime     0x800'2a51   0x28  Code  Lc  timers.o [4]
prvIdleTask              0x800'23c1    0xa  Code  Lc  tasks.o [4]
prvInitialiseNewQueue    0x800'2e39   0x32  Code  Lc  queue.o [4]
prvInitialiseNewTask     0x800'1e49   0xae  Code  Lc  tasks.o [4]
prvInitialiseTaskLists   0x800'23cb   0x4e  Code  Lc  tasks.o [4]
prvInsertTimerInActiveList
                         0x800'2a9f   0x50  Code  Lc  timers.o [4]
prvIsQueueEmpty          0x800'334d   0x1c  Code  Lc  queue.o [4]
prvIsQueueFull           0x800'3369   0x1e  Code  Lc  queue.o [4]
prvProcessExpiredTimer   0x800'297f   0x48  Code  Lc  timers.o [4]
prvProcessReceivedCommands
                         0x800'2aef   0xbe  Code  Lc  timers.o [4]
prvProcessTimerOrBlockTask
                         0x800'29e3   0x6e  Code  Lc  timers.o [4]
prvResetNextTaskUnblockTime
                         0x800'241b   0x2a  Code  Lc  tasks.o [4]
prvSampleTimeNow         0x800'2a79   0x26  Code  Lc  timers.o [4]
prvSampleTimeNow::xLastTime
                        0x2000'17cc    0x4  Data  Lc  timers.o [4]
prvSwitchTimerLists      0x800'2bad   0x78  Code  Lc  timers.o [4]
prvTaskExitError         0x800'277d   0x10  Code  Lc  port.o [5]
prvTimerTask             0x800'29c9   0x1a  Code  Lc  timers.o [4]
prvUnlockQueue           0x800'32df   0x6e  Code  Lc  queue.o [4]
putchar                  0x800'5e79   0x20  Code  Gb  putchar.o [6]
pvTaskIncrementMutexHeldCount
                         0x800'257f   0x16  Code  Gb  tasks.o [4]
pxCurrentTCB            0x2000'1784    0x4  Data  Gb  tasks.o [4]
pxCurrentTimerList      0x2000'17bc    0x4  Data  Lc  timers.o [4]
pxDelayedTaskList       0x2000'1788    0x4  Data  Lc  tasks.o [4]
pxOverflowDelayedTaskList
                        0x2000'178c    0x4  Data  Lc  tasks.o [4]
pxOverflowTimerList     0x2000'17c0    0x4  Data  Lc  timers.o [4]
pxPortInitialiseStack    0x800'2755   0x28  Code  Gb  port.o [5]
pxReadyTasksLists       0x2000'14b0   0x64  Data  Lc  tasks.o [4]
rc                       0x800'6500    0x8  Data  Lc  main.o [1]
rcFilter                0x2000'16c0   0x14  Data  Gb  main.o [1]
sampleTime               0x800'64f8    0x8  Data  Lc  main.o [1]
scalbln                  0x800'12c5         Code  Gb  ldexp.o [9]
scalblnl                 0x800'12c5         Code  Gb  ldexp.o [9]
scalbn                   0x800'12c5         Code  Gb  ldexp.o [9]
scalbnl                  0x800'12c5         Code  Gb  ldexp.o [9]
scale                    0x800'0f3d   0x46  Code  Lc  xprintffull_nomb.o [6]
sec_hand                0x2000'17e0    0x4  Data  Lc  xfail_s.o [6]
sprintf                  0x800'4695   0x40  Code  Gb  sprintf.o [6]
std::_Array_const_iterator<ILedToggleable *, (unsigned int)4>::_Array_const_iterator(ILedToggleable *const *, unsigned int)
                         0x800'5dff    0x8  Code  Wk  main.o [1]
std::_Array_const_iterator<ILedToggleable *, (unsigned int)4>::_Array_const_iterator(ILedToggleable *const *, unsigned int) [subobject]
                         0x800'5df3    0xc  Code  Wk  main.o [1]
std::_Array_const_iterator<ILedToggleable *, (unsigned int)4>::operator !=(const std::_Array_const_iterator<ILedToggleable *, (unsigned int)4>&) const
                         0x800'5d71   0x1c  Code  Wk  main.o [1]
std::_Array_const_iterator<ILedToggleable *, (unsigned int)4>::operator *() const
                         0x800'5de5    0x4  Code  Wk  main.o [1]
std::_Array_const_iterator<ILedToggleable *, (unsigned int)4>::operator ++()
                         0x800'5de9    0x8  Code  Wk  main.o [1]
std::_Array_const_iterator<ILedToggleable *, (unsigned int)4>::operator ==(const std::_Array_const_iterator<ILedToggleable *, (unsigned int)4>&) const
                         0x800'5dd3   0x12  Code  Wk  main.o [1]
std::_Array_iterator<ILedToggleable *, (unsigned int)4>::_Array_iterator(ILedToggleable **, unsigned int)
                         0x800'5dbd   0x16  Code  Wk  main.o [1]
std::_Array_iterator<ILedToggleable *, (unsigned int)4>::operator *() const
                         0x800'5d8d    0xc  Code  Wk  main.o [1]
std::_Array_iterator<ILedToggleable *, (unsigned int)4>::operator ++()
                         0x800'5d99    0xe  Code  Wk  main.o [1]
std::_Compressed_pair<std::_Wrap_alloc<std::allocator<char>>, std::_String_val<std::_Simple_types<char>>, (bool)1>::_Compressed_pair<const std::allocator<char>&>(std::_One_then_variadic_args_t, const std::allocator<char>& &&,  &&...)
                         0x800'3f31   0x1e  Code  Wk  MeasureTask.o [3]
std::_Compressed_pair<std::_Wrap_alloc<std::allocator<char>>, std::_String_val<std::_Simple_types<char>>, (bool)1>::_Get_first()
                         0x800'3f4f    0x2  Code  Wk  MeasureTask.o [3]
std::_Compressed_pair<std::_Wrap_alloc<std::allocator<char>>, std::_String_val<std::_Simple_types<char>>, (bool)1>::_Get_first() const
                         0x800'40e9    0x2  Code  Wk  MeasureTask.o [3]
std::_Compressed_pair<std::_Wrap_alloc<std::allocator<char>>, std::_String_val<std::_Simple_types<char>>, (bool)1>::_Get_second()
                         0x800'3f75    0x2  Code  Wk  MeasureTask.o [3]
std::_Compressed_pair<std::_Wrap_alloc<std::allocator<char>>, std::_String_val<std::_Simple_types<char>>, (bool)1>::_Get_second() const
                         0x800'404b    0x2  Code  Wk  MeasureTask.o [3]
std::_Fpz               0x2000'1760   0x10  Data  Gb  ios.o [7]
std::_NomemoryNothrow()
                         0x800'4359    0x4  Code  Gb  nomemory.o [8]
std::_String_alloc<std::_String_base_types<char, std::allocator<char>>>::_Bx()
                         0x800'3bc3    0xc  Code  Wk  MeasureTask.o [3]
std::_String_alloc<std::_String_base_types<char, std::allocator<char>>>::_Get_data()
                         0x800'3c35    0xc  Code  Wk  MeasureTask.o [3]
std::_String_alloc<std::_String_base_types<char, std::allocator<char>>>::_Get_data() const
                         0x800'3ebd    0xc  Code  Wk  MeasureTask.o [3]
std::_String_alloc<std::_String_base_types<char, std::allocator<char>>>::_Getal()
                         0x800'3bcf    0xc  Code  Wk  MeasureTask.o [3]
std::_String_alloc<std::_String_base_types<char, std::allocator<char>>>::_Getal() const
                         0x800'3fa1    0xc  Code  Wk  MeasureTask.o [3]
std::_String_alloc<std::_String_base_types<char, std::allocator<char>>>::_Myptr()
                         0x800'39f7   0x10  Code  Wk  MeasureTask.o [3]
std::_String_alloc<std::_String_base_types<char, std::allocator<char>>>::_Myptr() const
                         0x800'3b2d   0x10  Code  Wk  MeasureTask.o [3]
std::_String_alloc<std::_String_base_types<char, std::allocator<char>>>::_Myres()
                         0x800'3bb5    0xe  Code  Wk  MeasureTask.o [3]
std::_String_alloc<std::_String_base_types<char, std::allocator<char>>>::_Mysize()
                         0x800'3a2b    0xe  Code  Wk  MeasureTask.o [3]
std::_String_alloc<std::_String_base_types<char, std::allocator<char>>>::_Mysize() const
                         0x800'3b3d    0xe  Code  Wk  MeasureTask.o [3]
std::_String_alloc<std::_String_base_types<char, std::allocator<char>>>::_String_alloc(const std::allocator<char>&)
                         0x800'3b99   0x1c  Code  Wk  MeasureTask.o [3]
std::_String_alloc<std::_String_base_types<char, std::allocator<char>>>::_String_alloc(const std::allocator<char>&) [subobject]
                         0x800'392d    0xc  Code  Wk  MeasureTask.o [3]
std::_String_val<std::_Simple_types<char>>::_Myptr()
                         0x800'3c41   0x16  Code  Wk  MeasureTask.o [3]
std::_String_val<std::_Simple_types<char>>::_Myptr() const
                         0x800'3ec9   0x16  Code  Wk  MeasureTask.o [3]
std::_String_val<std::_Simple_types<char>>::_String_val()
                         0x800'4085    0xa  Code  Wk  MeasureTask.o [3]
std::_Wrap_alloc<std::allocator<char>>::_Wrap_alloc(const std::allocator<char>&)
                         0x800'4123    0x2  Code  Wk  MeasureTask.o [3]
std::_Wrap_alloc<std::allocator<char>>::_Wrap_alloc(const std::allocator<char>&) [subobject]
                         0x800'4079    0xc  Code  Wk  MeasureTask.o [3]
std::_Wrap_alloc<std::allocator<char>>::allocate(unsigned int)
                         0x800'3fb9   0x10  Code  Wk  MeasureTask.o [3]
std::_Wrap_alloc<std::allocator<char>>::deallocate(char *, unsigned int)
                         0x800'3c21   0x14  Code  Wk  MeasureTask.o [3]
std::_Wrap_alloc<std::allocator<char>>::max_size(std::_Nil) const
                         0x800'3fad    0xc  Code  Wk  MeasureTask.o [3]
std::_Wrap_facet<std::ctype<char>>::_Wrap_facet()
                         0x800'3915   0x18  Code  Wk  MeasureTask.o [3]
std::_Wrap_facet<std::num_put<char, std::ostreambuf_iterator<char, std::char_traits<char>>>>::_Wrap_facet()
                         0x800'56c1   0x18  Code  Wk  MeasureTask.o [3]
std::_Wrap_facet<std::numpunct<char>>::_Wrap_facet()
                         0x800'3a09   0x18  Code  Wk  MeasureTask.o [3]
std::_Wrap_facet<std::numpunct<char>>::~_Wrap_facet()
                         0x800'6453    0xe  Code  Wk  MeasureTask.o [3]
std::__iar_New_hand     0x2000'17d8    0x4  Data  Gb  new.o [8]
std::__iar_cout_guard::~__iar_cout_guard()
                         0x800'62d1   0x14  Code  Wk  iostream_cout.o [7]
std::__nobasic_filebuf<char, std::char_traits<char>>::__nobasic_filebuf()
                         0x800'5789   0x5c  Code  Wk  iostream_cout.o [7]
std::__nobasic_filebuf<char, std::char_traits<char>>::overflow(int)
                         0x800'5e41   0x38  Code  Wk  iostream_cout.o [7]
std::allocator<char>::allocate(unsigned int)
                         0x800'40f7   0x10  Code  Wk  MeasureTask.o [3]
std::allocator<char>::deallocate(char *, unsigned int)
                         0x800'3f63   0x12  Code  Wk  MeasureTask.o [3]
std::allocator<char>::max_size() const
                         0x800'417d    0x8  Code  Wk  MeasureTask.o [3]
std::allocator_traits<std::allocator<char>>::max_size(const std::allocator<char>&)
                         0x800'40eb    0xc  Code  Wk  MeasureTask.o [3]
std::array<ILedToggleable *, (unsigned int)4>::begin()
                         0x800'5d41   0x18  Code  Wk  main.o [1]
std::array<ILedToggleable *, (unsigned int)4>::end()
                         0x800'5d59   0x18  Code  Wk  main.o [1]
std::array<ILedToggleable *, (unsigned int)4>::operator [](unsigned int)
                         0x800'5cf5    0x6  Code  Wk  main.o [1]
std::array<IMode *, (unsigned int)2>::operator [](unsigned int)
                         0x800'6041    0x6  Code  Wk  main.o [1]
std::array<unsigned char, (unsigned int)1>::data()
                         0x800'50bd    0x2  Code  Wk  main.o [1]
std::array<unsigned int, (unsigned int)256>::data()
                         0x800'516f    0x2  Code  Wk  main.o [1]
std::char_traits<char>::assign(char &, char const &)
                         0x800'3e93    0x6  Code  Wk  MeasureTask.o [3]
std::char_traits<char>::assign(char *, unsigned int, char)
                         0x800'3e99   0x24  Code  Wk  MeasureTask.o [3]
std::char_traits<char>::copy(char *, char const *, unsigned int)
                         0x800'3c01   0x20  Code  Wk  MeasureTask.o [3]
std::char_traits<char>::eq_int_type(int const &, int const &)
                         0x800'3f11   0x12  Code  Wk  MeasureTask.o [3]
std::char_traits<char>::length(char const *)
                         0x800'48a3    0xc  Code  Wk  MeasureTask.o [3]
std::char_traits<char>::move(char *, char const *, unsigned int)
                         0x800'3ab5   0x20  Code  Wk  MeasureTask.o [3]
std::char_traits<char>::to_int_type(char const &)
                         0x800'4073    0x4  Code  Wk  MeasureTask.o [3]
std::chrono::duration<long long, std::ratio<(long long)1, (long long)1000>>::count() const
                         0x800'4de7    0x6  Code  Wk  ButtonTask.o [3]
std::chrono::duration<unsigned int, std::ratio<(long long)10, (long long)1000>>::count() const
                         0x800'56b1    0x4  Code  Wk  ButtonTask.o [3]
std::chrono::duration<unsigned int, std::ratio<(long long)10, (long long)1000>>::duration<unsigned int, void>(unsigned int const &)
                         0x800'56d9    0x6  Code  Wk  ButtonTask.o [3]
std::cout               0x2000'1440   0x2c  Data  Gb  iostream_cout.o [7]
std::ctype<char> const & std::use_facet<std::ctype<char>>()
                         0x800'370d   0x20  Code  Wk  MeasureTask.o [3]
std::ctype<char> const & std::use_facet<std::ctype<char>>()::_MyFacet
                        0x2000'177c    0x4  Data  Wk  MeasureTask.o [3]
std::ctype<char>::ctype()
                         0x800'3f25    0xc  Code  Wk  MeasureTask.o [3]
std::ctype<char>::ctype() [subobject]
                         0x800'3b8d    0xc  Code  Wk  MeasureTask.o [3]
std::ctype<char>::widen(char const *, char const *, char *) const
                         0x800'376f   0x18  Code  Wk  MeasureTask.o [3]
std::ctype<char>::widen(char) const
                         0x800'372d    0x8  Code  Wk  MeasureTask.o [3]
std::enable_if<std::chrono::_Is_duration<std::chrono::duration<unsigned int, std::ratio<(long long)10, (long long)1000>>>::value, std::chrono::duration<unsigned int, std::ratio<(long long)10, (long long)1000>>>::type std::chrono::duration_cast<std::chrono::duration<unsigned int, std::ratio<(long long)10, (long long)1000>>, long long, std::ratio<(long long)1, (long long)1000>>(std::chrono::duration<long long, std::ratio<(long long)1, (long long)1000>> const &)
                         0x800'5691   0x20  Code  Wk  ButtonTask.o [3]
std::ios::clear(std::_Iosb<int>::_Iostate, bool)
                         0x800'4a03   0x24  Code  Wk  MeasureTask.o [3]
std::ios::fill() const   0x800'492d    0x6  Code  Wk  MeasureTask.o [3]
std::ios::rdbuf() const
                         0x800'4933    0x4  Code  Wk  MeasureTask.o [3]
std::ios::setstate(std::_Iosb<int>::_Iostate, bool)
                         0x800'494d   0x28  Code  Wk  MeasureTask.o [3]
std::ios::tie() const    0x800'49a7    0x4  Code  Wk  MeasureTask.o [3]
std::ios::widen(char) const
                         0x800'5fcf   0x18  Code  Wk  MeasureTask.o [3]
std::ios_base::_Addstd(std::ios_base*)
                         0x800'4ae9   0x32  Code  Gb  ios.o [7]
std::ios_base::_Callfns(std::ios_base::event)
                         0x800'4acd   0x1c  Code  Gb  ios.o [7]
std::ios_base::_Init()   0x800'4b29   0x1c  Code  Gb  ios.o [7]
std::ios_base::_Tidy()   0x800'4b45   0x38  Code  Gb  ios.o [7]
std::ios_base::clear(std::_Iosb<int>::_Iostate, bool)
                         0x800'4a89   0x20  Code  Gb  ios.o [7]
std::ios_base::flags() const
                         0x800'36e1    0x4  Code  Wk  MeasureTask.o [3]
std::ios_base::good() const
                         0x800'498f   0x18  Code  Wk  MeasureTask.o [3]
std::ios_base::precision() const
                         0x800'4545    0x4  Code  Wk  MeasureTask.o [3]
std::ios_base::rdstate() const
                         0x800'49ff    0x4  Code  Wk  MeasureTask.o [3]
std::ios_base::width() const
                         0x800'3895    0x4  Code  Wk  MeasureTask.o [3]
std::ios_base::width(int)
                         0x800'38f9    0x8  Code  Wk  MeasureTask.o [3]
std::ios_base::~ios_base()
                         0x800'4aa9   0x24  Code  Gb  ios.o [7]
std::ios_base::~ios_base() [subobject]
[...]
                         0x800'4925    0x8  Code  Wk  MeasureTask.o [3]
std::ostream & std::endl<char, std::char_traits<char>>(std::ostream &)
                         0x800'5fa1   0x2e  Code  Wk  MeasureTask.o [3]
std::ostream & std::operator <<<std::char_traits<char>>(std::ostream &, char const *)
                         0x800'46d5  0x1ce  Code  Wk  MeasureTask.o [3]
std::ostream::_Flush_sentry::_Flush_sentry(std::ostream&)
                         0x800'4a33   0x28  Code  Wk  MeasureTask.o [3]
std::ostream::_Flush_sentry::_Flush_sentry(std::ostream&) [subobject]
                         0x800'4983    0xc  Code  Wk  MeasureTask.o [3]
std::ostream::_Flush_sentry::operator bool() const
                         0x800'4921    0x4  Code  Wk  MeasureTask.o [3]
std::ostream::_Flush_sentry::~_Flush_sentry()
                         0x800'4a69   0x14  Code  Wk  MeasureTask.o [3]
std::ostream::_Flush_sentry::~_Flush_sentry() [subobject]
                         0x800'4a27    0xc  Code  Wk  MeasureTask.o [3]
std::ostream::_Osfx()    0x800'4b89   0x54  Code  Wk  MeasureTask.o [3]
std::ostream::_Sentry_base::_Sentry_base(std::ostream&)
                         0x800'4bed   0x4a  Code  Wk  MeasureTask.o [3]
std::ostream::_Sentry_base::_Sentry_base(std::ostream&) [subobject]
                         0x800'4b7d    0xc  Code  Wk  MeasureTask.o [3]
std::ostream::_Sentry_base::~_Sentry_base()
                         0x800'4c37   0x46  Code  Wk  MeasureTask.o [3]
std::ostream::_Sentry_base::~_Sentry_base() [subobject]
                         0x800'4bdd    0xc  Code  Wk  MeasureTask.o [3]
std::ostream::flush()    0x800'49ab   0x54  Code  Wk  MeasureTask.o [3]
std::ostream::operator <<(float)
                         0x800'54a5   0xc6  Code  Wk  MeasureTask.o [3]
std::ostream::operator <<(std::ostream&(*)(std::ostream&))
                         0x800'556b    0xc  Code  Wk  MeasureTask.o [3]
std::ostream::put(char)
                         0x800'57e5   0x82  Code  Wk  MeasureTask.o [3]
std::ostream::sentry::sentry(std::ostream&)
                         0x800'48af   0x72  Code  Wk  MeasureTask.o [3]
std::ostream::sentry::~sentry()
                         0x800'4975    0xe  Code  Wk  MeasureTask.o [3]
std::ostream::~basic_ostream()
                         0x800'646d    0xe  Code  Wk  iostream_cout.o [7]
std::ostreambuf_iterator<char, std::char_traits<char>>::failed() const
                         0x800'568d    0x4  Code  Wk  MeasureTask.o [3]
std::ostreambuf_iterator<char, std::char_traits<char>>::operator *()
                         0x800'3b4b    0x2  Code  Wk  MeasureTask.o [3]
std::ostreambuf_iterator<char, std::char_traits<char>>::operator ++()
                         0x800'3b8b    0x2  Code  Wk  MeasureTask.o [3]
std::ostreambuf_iterator<char, std::char_traits<char>>::operator =(char)
                         0x800'3b4d   0x3e  Code  Wk  MeasureTask.o [3]
std::ostreambuf_iterator<char, std::char_traits<char>>::ostreambuf_iterator(std::streambuf *)
                         0x800'55f5    0x8  Code  Wk  MeasureTask.o [3]
std::remove_reference<char *&>::type && std::move<char *&>(char *& &&)
                         0x800'3fc9    0x2  Code  Wk  MeasureTask.o [3]
std::streambuf::_Lock()
                         0x800'13ff    0x2  Code  Wk  iostream_cout.o [7]
std::streambuf::_Pnavail() const
                         0x800'404d   0x18  Code  Wk  MeasureTask.o [3]
std::streambuf::_Pninc()
                         0x800'4065    0xe  Code  Wk  MeasureTask.o [3]
std::streambuf::_Unlock()
                         0x800'1437    0x2  Code  Wk  iostream_cout.o [7]
std::streambuf::overflow(int)
                         0x800'10e7    0x6  Code  Wk  iostream_cout.o [7]
std::streambuf::pubsync()
                         0x800'4a5b    0xe  Code  Wk  MeasureTask.o [3]
std::streambuf::sputc(char)
                         0x800'3edf   0x32  Code  Wk  MeasureTask.o [3]
std::streambuf::sputn(char const *, int)
                         0x800'4937   0x16  Code  Wk  MeasureTask.o [3]
std::streambuf::sync()   0x800'6579    0x4  Code  Wk  iostream_cout.o [7]
std::streambuf::xsputn(char const *, int)
                         0x800'596d   0x5e  Code  Wk  iostream_cout.o [7]
std::string::_Chassign(unsigned int, unsigned int, char)
                         0x800'3ad5   0x30  Code  Wk  MeasureTask.o [3]
std::string::_Copy(unsigned int, unsigned int)
                         0x800'3d21   0xdc  Code  Wk  MeasureTask.o [3]
std::string::_Eos(unsigned int)
                         0x800'3b05   0x28  Code  Wk  MeasureTask.o [3]
std::string::_Grow(unsigned int, bool)
                         0x800'3a39   0x7c  Code  Wk  MeasureTask.o [3]
std::string::_Inside(char const *)
                         0x800'5b5f   0x32  Code  Wk  MeasureTask.o [3]
std::string::_Tidy(bool, unsigned int)
                         0x800'3939   0x84  Code  Wk  MeasureTask.o [3]
std::string::assign(char const *)
                         0x800'6159   0x18  Code  Wk  MeasureTask.o [3]
std::string::assign(char const *, unsigned int)
                         0x800'5b0d   0x52  Code  Wk  MeasureTask.o [3]
std::string::assign(const std::string&, unsigned int, unsigned int)
                         0x800'5867   0x7a  Code  Wk  MeasureTask.o [3]
std::string::assign(unsigned int, char)
                         0x800'39bd   0x3a  Code  Wk  MeasureTask.o [3]
std::string::basic_string(char const *)
                         0x800'6135   0x24  Code  Wk  MeasureTask.o [3]
std::string::basic_string(unsigned int, char)
                         0x800'3735   0x2a  Code  Wk  MeasureTask.o [3]
std::string::erase(unsigned int)
                         0x800'58e1   0x22  Code  Wk  MeasureTask.o [3]
std::string::erase(unsigned int, unsigned int)
                         0x800'5903   0x6a  Code  Wk  MeasureTask.o [3]
std::string::insert(unsigned int, unsigned int, char)
                         0x800'37d5   0x94  Code  Wk  MeasureTask.o [3]
std::string::max_size() const
                         0x800'3d05   0x1c  Code  Wk  MeasureTask.o [3]
std::string::operator [](unsigned int)
                         0x800'375f   0x10  Code  Wk  MeasureTask.o [3]
std::string::operator [](unsigned int) const
                         0x800'3877   0x10  Code  Wk  MeasureTask.o [3]
std::string::size() const
                         0x800'3887    0xe  Code  Wk  MeasureTask.o [3]
std::string::~basic_string()
                         0x800'3901   0x12  Code  Wk  MeasureTask.o [3]
strchr                   0x800'1051         Code  Gb  strchr.o [10]
strcspn                  0x800'36eb   0x22  Code  Gb  strcspn.o [6]
strlen                   0x800'10b1         Code  Gb  strlen.o [10]
treeMode                0x2000'0028    0x8  Data  Gb  main.o [1]
ucMaxSysCallPriority    0x2000'17e7    0x1  Data  Lc  port.o [5]
ulMaxPRIGROUPValue      0x2000'1780    0x4  Data  Lc  port.o [5]
unsigned int RegisterBase<(unsigned int)1073815628, (unsigned int)32, ReadMode>::Get<ReadMode, void>()
                         0x800'55c9    0xc  Code  Wk  MeasureTask.o [3]
uxCriticalNesting       0x2000'0044    0x4  Data  Lc  port.o [5]
uxCurrentNumberOfTasks  0x2000'1790    0x4  Data  Lc  tasks.o [4]
uxListRemove             0x800'272b   0x28  Code  Gb  list.o [4]
uxPendedTicks           0x2000'17a0    0x4  Data  Lc  tasks.o [4]
uxSchedulerSuspended    0x2000'17b8    0x4  Data  Lc  tasks.o [4]
uxTaskNumber            0x2000'17ac    0x4  Data  Lc  tasks.o [4]
uxTopReadyPriority      0x2000'1798    0x4  Data  Lc  tasks.o [4]
vApplicationGetIdleTaskMemory
                         0x800'2653    0xe  Code  Gb  tasks.o [4]
vApplicationGetIdleTaskMemory::uxIdleTaskStack
                        0x2000'11a0  0x200  Data  Lc  tasks.o [4]
vApplicationGetIdleTaskMemory::xIdleTaskTCB
                        0x2000'1564   0x50  Data  Lc  tasks.o [4]
vApplicationGetTimerTaskMemory
                         0x800'2661   0x10  Code  Gb  tasks.o [4]
vApplicationGetTimerTaskMemory::uxTimerTaskStack
                        0x2000'0da0  0x400  Data  Lc  tasks.o [4]
vApplicationGetTimerTaskMemory::xTimerTaskTCB
                        0x2000'15b4   0x50  Data  Lc  tasks.o [4]
vListInitialise          0x800'26b9   0x1e  Code  Gb  list.o [4]
vListInitialiseItem      0x800'26d7    0x6  Code  Gb  list.o [4]
vListInsert              0x800'26f5   0x36  Code  Gb  list.o [4]
vListInsertEnd           0x800'26dd   0x18  Code  Gb  list.o [4]
vPortEnableVFP           0x800'2d51         Code  Gb  portasm.o [5]
vPortEnterCritical       0x800'2815   0x22  Code  Gb  port.o [5]
vPortExitCritical        0x800'2837   0x16  Code  Gb  port.o [5]
vPortSVCHandler          0x800'2d1d         Code  Gb  portasm.o [5]
vPortSetupTimerInterrupt
                         0x800'2ca1   0x24  Code  Wk  port.o [5]
vPortStartFirstTask      0x800'2d39         Code  Gb  portasm.o [5]
vPortValidateInterruptPriority
                         0x800'2879   0x16  Code  Gb  port.o [5]
vQueueAddToRegistry      0x800'3387   0x26  Code  Gb  queue.o [4]
vQueueDelete             0x800'31ff    0xe  Code  Gb  queue.o [4]
vQueueUnregisterQueue    0x800'33ad   0x28  Code  Gb  queue.o [4]
vQueueWaitForMessageRestricted
                         0x800'33e1   0x4c  Code  Gb  queue.o [4]
vTaskDelay               0x800'1f91   0x3a  Code  Gb  tasks.o [4]
vTaskMissedYield         0x800'23b7    0xa  Code  Gb  tasks.o [4]
vTaskPlaceOnEventList    0x800'228f   0x20  Code  Gb  tasks.o [4]
vTaskPlaceOnEventListRestricted
                         0x800'22af   0x2c  Code  Gb  tasks.o [4]
vTaskPriorityInherit     0x800'2463   0x9a  Code  Gb  tasks.o [4]
vTaskSetTimeOutState     0x800'234b   0x12  Code  Gb  tasks.o [4]
vTaskStartScheduler      0x800'1fcb   0x84  Code  Gb  tasks.o [4]
vTaskSuspendAll          0x800'204f    0xc  Code  Gb  tasks.o [4]
vTaskSwitchContext       0x800'2237   0x58  Code  Gb  tasks.o [4]
void FieldValueBase<ADC1_CR1_RES_Values<ADC1::CR1, (unsigned int)24, (unsigned int)2, ReadWriteMode, ADC1::ADC1CR1Base>, ADC1::ADC1CR1Base, (unsigned int)0>::Set<ReadWriteMode, void>()
                         0x800'4fad   0x10  Code  Wk  main.o [1]
void FieldValueBase<ADC1_CR2_ADON_Values<ADC1::CR2, (unsigned int)0, (unsigned int)1, ReadWriteMode, ADC1::ADC1CR2Base>, ADC1::ADC1CR2Base, (unsigned int)1>::Set<ReadWriteMode, void>()
                         0x800'5591   0x14  Code  Wk  MeasureTask.o [3]
void FieldValueBase<ADC1_CR2_CONT_Values<ADC1::CR2, (unsigned int)1, (unsigned int)1, ReadWriteMode, ADC1::ADC1CR2Base>, ADC1::ADC1CR2Base, (unsigned int)0>::Set<ReadWriteMode, void>()
                         0x800'4ff5   0x10  Code  Wk  main.o [1]
void FieldValueBase<ADC1_CR2_EOCS_Values<ADC1::CR2, (unsigned int)10, (unsigned int)1, ReadWriteMode, ADC1::ADC1CR2Base>, ADC1::ADC1CR2Base, (unsigned int)1>::Set<ReadWriteMode, void>()
                         0x800'5005   0x14  Code  Wk  main.o [1]
void FieldValueBase<ADC1_CR2_SWSTART_Values<ADC1::CR2, (unsigned int)30, (unsigned int)1, ReadWriteMode, ADC1::ADC1CR2Base>, ADC1::ADC1CR2Base, (unsigned int)1>::Set<ReadWriteMode, void>()
                         0x800'55a5   0x14  Code  Wk  MeasureTask.o [3]
void FieldValueBase<ADC1_SMPR1_SMPx_x_Values<ADC1::SMPR1, (unsigned int)24, (unsigned int)3, ReadWriteMode, ADC1::ADC1SMPR1Base>, ADC1::ADC1SMPR1Base, (unsigned int)4>::Set<ReadWriteMode, void>()
                         0x800'4fe1   0x14  Code  Wk  main.o [1]
void FieldValueBase<ADC1_SQR1_L_Values<ADC1::SQR1, (unsigned int)20, (unsigned int)4, ReadWriteMode, ADC1::ADC1SQR1Base>, ADC1::ADC1SQR1Base, (unsigned int)0>::Set<ReadWriteMode, void>()
                         0x800'4fbd   0x10  Code  Wk  main.o [1]
void FieldValueBase<ADC1_SQR3_SQ1_Values<ADC1::SQR3, (unsigned int)0, (unsigned int)5, ReadWriteMode, ADC1::ADC1SQR3Base>, ADC1::ADC1SQR3Base, (unsigned int)18>::Set<ReadWriteMode, void>()
                         0x800'4fcd   0x14  Code  Wk  main.o [1]
void FieldValueBase<ADC_Common_CCR_TSVREFE_Values<ADC_Common::CCR, (unsigned int)23, (unsigned int)1, ReadWriteMode, ADC_Common::ADC_CommonCCRBase>, ADC_Common::ADC_CommonCCRBase, (unsigned int)1>::Set<ReadWriteMode, void>()
                         0x800'4f99   0x14  Code  Wk  main.o [1]
void FieldValueBase<GPIOA_MODER_MODER15_Values<GPIOA::MODER, (unsigned int)10, (unsigned int)2, ReadWriteMode, GPIOA::GPIOAMODERBase>, GPIOA::GPIOAMODERBase, (unsigned int)1>::Set<ReadWriteMode, void>()
                         0x800'5019   0x14  Code  Wk  main.o [1]
void FieldValueBase<RCC_CFGR_SW_Values<RCC::CFGR, (unsigned int)0, (unsigned int)2, ReadWriteMode, RCC::RCCCFGRBase>, RCC::RCCCFGRBase, (unsigned int)0>::Set<ReadWriteMode, void>()
                         0x800'4f49   0x10  Code  Wk  main.o [1]
void FieldValueBase<RCC_CR_HSION_Values<RCC::CR, (unsigned int)0, (unsigned int)1, ReadWriteMode, RCC::RCCCRBase>, RCC::RCCCRBase, (unsigned int)1>::Set<ReadWriteMode, void>()
                         0x800'4f1d   0x14  Code  Wk  main.o [1]
void OsWrapper::Rtos::CreateThread<ButtonTask>(ButtonTask &, char const *, OsWrapper::ThreadPriority)
                         0x800'506d   0x24  Code  Wk  main.o [1]
void OsWrapper::Rtos::CreateThread<LedManagerTask>(LedManagerTask &, char const *, OsWrapper::ThreadPriority)
                         0x800'5049   0x24  Code  Wk  main.o [1]
void OsWrapper::Rtos::CreateThread<MeasureTask>(MeasureTask &, char const *, OsWrapper::ThreadPriority)
                         0x800'5091   0x24  Code  Wk  main.o [1]
void OsWrapper::RtosWrapper::wCreateThread<OsWrapper::Rtos, ButtonTask>(ButtonTask &, char const *, OsWrapper::ThreadPriority, unsigned short, unsigned int *)
                         0x800'51a9   0x38  Code  Wk  main.o [1]
void OsWrapper::RtosWrapper::wCreateThread<OsWrapper::Rtos, LedManagerTask>(LedManagerTask &, char const *, OsWrapper::ThreadPriority, unsigned short, unsigned int *)
                         0x800'5171   0x38  Code  Wk  main.o [1]
void OsWrapper::RtosWrapper::wCreateThread<OsWrapper::Rtos, MeasureTask>(MeasureTask &, char const *, OsWrapper::ThreadPriority, unsigned short, unsigned int *)
                         0x800'51e1   0x38  Code  Wk  main.o [1]
void Register<(unsigned int)1073874944, (unsigned int)32, ReadWriteMode, GPIOC::GPIOCMODERBase, FieldValue<GPIOC_MODER_MODER15_Values<GPIOC::MODER, (unsigned int)10, (unsigned int)2, ReadWriteMode, GPIOC::GPIOCMODERBase>, GPIOC::GPIOCMODERBase, (unsigned int)1, void>, FieldValue<GPIOC_MODER_MODER15_Values<GPIOC::MODER, (unsigned int)16, (unsigned int)2, ReadWriteMode, GPIOC::GPIOCMODERBase>, GPIOC::GPIOCMODERBase, (unsigned int)1, void>, FieldValue<GPIOC_MODER_MODER15_Values<GPIOC::MODER, (unsigned int)18, (unsigned int)2, ReadWriteMode, GPIOC::GPIOCMODERBase>, GPIOC::GPIOCMODERBase, (unsigned int)1, void>>::Set<ReadWriteMode, void>()
                         0x800'502d   0x1c  Code  Wk  main.o [1]
void Register<(unsigned int)1073887280, (unsigned int)32, ReadWriteMode, RCC::RCCAHB1ENRBase, FieldValue<RCC_AHB1ENR_GPIOCEN_Values<RCC::AHB1ENR, (unsigned int)2, (unsigned int)1, ReadWriteMode, RCC::RCCAHB1ENRBase>, RCC::RCCAHB1ENRBase, (unsigned int)1, void>, FieldValue<RCC_AHB1ENR_GPIOAEN_Values<RCC::AHB1ENR, (unsigned int)0, (unsigned int)1, ReadWriteMode, RCC::RCCAHB1ENRBase>, RCC::RCCAHB1ENRBase, (unsigned int)1, void>>::Set<ReadWriteMode, void>()
                         0x800'4f71   0x14  Code  Wk  main.o [1]
void Register<(unsigned int)1073887300, (unsigned int)32, ReadWriteMode, RCC::RCCAPB2ENRBase, FieldValue<RCC_AHB1ENR_DMA2EN_Values<RCC::APB2ENR, (unsigned int)8, (unsigned int)1, ReadWriteMode, RCC::RCCAPB2ENRBase>, RCC::RCCAPB2ENRBase, (unsigned int)1, void>, FieldValue<RCC_AHB1ENR_DMA2EN_Values<RCC::APB2ENR, (unsigned int)14, (unsigned int)1, ReadWriteMode, RCC::RCCAPB2ENRBase>, RCC::RCCAPB2ENRBase, (unsigned int)1, void>>::Set<ReadWriteMode, void>()
                         0x800'4f85   0x14  Code  Wk  main.o [1]
void std::_Deallocate<char>(char *, unsigned int)
                         0x800'4091    0xe  Code  Wk  MeasureTask.o [3]
void std::_Wrap_alloc<std::allocator<char>>::construct<char *, char *>(char * *, char * &&...)
                         0x800'3fcb   0x1a  Code  Wk  MeasureTask.o [3]
void std::_Wrap_alloc<std::allocator<char>>::destroy<char *>(char * *)
                         0x800'3bdb   0x10  Code  Wk  MeasureTask.o [3]
void std::allocator<char>::construct<char *, char *>(char * *, char * &&...)
                         0x800'419d   0x26  Code  Wk  MeasureTask.o [3]
void std::allocator<char>::destroy<char *>(char * *)
                         0x800'408f    0x2  Code  Wk  MeasureTask.o [3]
void std::allocator_traits<std::allocator<char>>::construct<char *, char *>(std::allocator<char>&, char * *, char * &&...)
                         0x800'4109   0x1a  Code  Wk  MeasureTask.o [3]
void std::allocator_traits<std::allocator<char>>::destroy<char *>(std::allocator<char>&, char * *)
                         0x800'3f51   0x10  Code  Wk  MeasureTask.o [3]
void std::numpunct<char>::_Getvals<char>(char)
                         0x800'4163   0x1a  Code  Wk  MeasureTask.o [3]
xActiveTimerList1       0x2000'1738   0x14  Data  Lc  timers.o [4]
xActiveTimerList2       0x2000'174c   0x14  Data  Lc  timers.o [4]
xDelayedTaskList1       0x2000'16e8   0x14  Data  Lc  tasks.o [4]
xDelayedTaskList2       0x2000'16fc   0x14  Data  Lc  tasks.o [4]
xIdleTaskHandle         0x2000'17b4    0x4  Data  Lc  tasks.o [4]
xNextTaskUnblockTime    0x2000'17b0    0x4  Data  Lc  tasks.o [4]
xNumOfOverflows         0x2000'17a8    0x4  Data  Lc  tasks.o [4]
xPendingReadyList       0x2000'1710   0x14  Data  Lc  tasks.o [4]
xPortPendSVHandler       0x800'2cc5         Code  Gb  portasm.o [5]
xPortStartScheduler      0x800'278d   0x88  Code  Gb  port.o [5]
xPortSysTickHandler      0x800'284d   0x28  Code  Gb  port.o [5]
xQueueGenericCreateStatic
                         0x800'2ded   0x4c  Code  Gb  queue.o [4]
xQueueGenericReceive     0x800'306b  0x194  Code  Gb  queue.o [4]
xQueueGenericReset       0x800'2d6d   0x80  Code  Gb  queue.o [4]
xQueueGenericSend        0x800'2e6b  0x15a  Code  Gb  queue.o [4]
xQueueGenericSendFromISR
                         0x800'2fc5   0xa6  Code  Gb  queue.o [4]
xQueueRegistry          0x2000'164c   0x40  Data  Gb  queue.o [4]
xSchedulerRunning       0x2000'179c    0x4  Data  Lc  tasks.o [4]
xSuspendedTaskList      0x2000'1724   0x14  Data  Lc  tasks.o [4]
xTaskCheckForTimeOut     0x800'235d   0x5a  Code  Gb  tasks.o [4]
xTaskCreateStatic        0x800'1df9   0x50  Code  Gb  tasks.o [4]
xTaskGetSchedulerState   0x800'2445   0x1e  Code  Gb  tasks.o [4]
xTaskGetTickCount        0x800'212f    0x8  Code  Gb  tasks.o [4]
xTaskIncrementTick       0x800'2137  0x100  Code  Gb  tasks.o [4]
xTaskPriorityDisinherit
                         0x800'24fd   0x82  Code  Gb  tasks.o [4]
xTaskRemoveFromEventList
                         0x800'22db   0x70  Code  Gb  tasks.o [4]
xTaskResumeAll           0x800'205b   0xd4  Code  Gb  tasks.o [4]
xTickCount              0x2000'1794    0x4  Data  Lc  tasks.o [4]
xTimerCreateTimerTask    0x800'28b9   0x58  Code  Gb  timers.o [4]
xTimerGenericCommand     0x800'2911   0x6e  Code  Gb  timers.o [4]
xTimerQueue             0x2000'17c4    0x4  Data  Lc  timers.o [4]
xTimerTaskHandle        0x2000'17c8    0x4  Data  Lc  timers.o [4]
xYieldPending           0x2000'17a4    0x4  Data  Lc  tasks.o [4]


[1] = C:\projects\micro\RtosWrapper\Debug\Obj
[2] = C:\projects\micro\RtosWrapper\Debug\Obj\Application\Implementation
[3] = C:\projects\micro\RtosWrapper\Debug\Obj\MyTasks
[4] = C:\projects\micro\RtosWrapper\Debug\Obj\Rtos\FreeRtos
[5] = C:\projects\micro\RtosWrapper\Debug\Obj\Rtos\FreeRtos\portable\IAR\ARM_CM4F
[6] = dl7M_tln.a
[7] = dlpp7M_tls_nc.a
[8] = dlpprt7M_tl_nc.a
[9] = m7M_tls.a
[10] = rt7M_tl.a
[11] = shb_l.a

  24'475 bytes of readonly  code memory
   1'502 bytes of readonly  data memory
  14'744 bytes of readwrite data memory

Errors: none
Warnings: none
