###############################################################################
#
# IAR ANSI C/C++ Compiler V9.30.1.335/W64 for ARM         07/Jun/2025  12:00:36
# Copyright 1999-2022 IAR Systems AB.
#
#    Cpu mode                     =  thumb
#    Endian                       =  little
#    Source file                  =
#        C:\projects\micro\RtosWrapper\Application\Implementation\rcfilter.cpp
#    Command line                 =
#        -f
#        C:\projects\micro\RtosWrapper\Debug\Obj\Application\Implementation\rcfilter.o.rsp
#        (C:\projects\micro\RtosWrapper\Application\Implementation\rcfilter.cpp
#        -lC
#        C:\projects\micro\RtosWrapper\Debug\List\Application\Implementation
#        -lA
#        C:\projects\micro\RtosWrapper\Debug\List\Application\Implementation -o
#        C:\projects\micro\RtosWrapper\Debug\Obj\Application\Implementation
#        --no_cse --no_unroll --no_inline --no_code_motion --no_tbaa
#        --no_clustering --no_scheduling --debug --endian=little
#        --cpu=Cortex-M4 -e --fpu=VFPv4_sp --dlib_config "C:\Program Files\IAR
#        Systems\Embedded Workbench 9.1\arm\inc\c\DLib_Config_Normal.h" -I
#        C:\projects\micro\RtosWrapper\Rtos\ -I
#        C:\projects\micro\RtosWrapper\Rtos\wrapper\ -I
#        C:\projects\micro\RtosWrapper\Rtos\wrapper\FreeRtos\ -I
#        C:\projects\micro\RtosWrapper\Rtos\FreeRtos\ -I
#        C:\projects\micro\RtosWrapper\Rtos\FreeRtos\include\ -I
#        C:\projects\micro\RtosWrapper\Rtos\FreeRtos\portable\ -I
#        C:\projects\micro\RtosWrapper\Rtos\FreeRtos\portable\Common\ -I
#        C:\projects\micro\RtosWrapper\Rtos\FreeRtos\portable\IAR\ -I
#        C:\projects\micro\RtosWrapper\Rtos\FreeRtos\portable\IAR\ARM_CM4F\ -I
#        C:\projects\micro\RtosWrapper\Rtos\FreeRtos\portable\MemMang\ -I
#        C:\projects\micro\RtosWrapper\MyTasks\ -I
#        C:\projects\micro\RtosWrapper\Common\ -I
#        C:\projects\micro\RtosWrapper\CMSIS\ -I
#        C:\projects\micro\RtosWrapper\Application\ -I
#        C:\projects\micro\RtosWrapper\Application\Diagnostic\ -I
#        C:\projects\micro\RtosWrapper\AHardware\ -I
#        C:\projects\micro\RtosWrapper\AHardware\GpioPort\ -I
#        C:\projects\micro\RtosWrapper\AHardware\IrqController\ -I
#        C:\projects\micro\RtosWrapper\..\CortexLib\AbstractHardware\Pin\ -I
#        C:\projects\micro\RtosWrapper\..\CortexLib\AbstractHardware\Registers\STM32F411\FieldValues\
#        -I
#        C:\projects\micro\RtosWrapper\..\CortexLib\AbstractHardware\Registers\STM32F411\
#        -I
#        C:\projects\micro\RtosWrapper\..\CortexLib\AbstractHardware\Registers\
#        -I C:\projects\micro\RtosWrapper\..\CortexLib\AbstractHardware\Port\
#        -I C:\projects\micro\RtosWrapper\..\CortexLib\AbstractHardware\Atomic\
#        -I C:\projects\micro\RtosWrapper\..\CortexLib\Common\ -I
#        C:\projects\micro\RtosWrapper\..\CortexLib\Common\Singleton\ -I
#        C:\projects\micro\RtosWrapper\..\CortexLib\Common\RomObject\ -I
#        C:\projects\micro\RtosWrapper\Application\Implementation\ -I
#        C:\projects\micro\RtosWrapper\Application\Contracts\ -I
#        C:\projects\micro\RtosWrapper\Application\Implementation\Modes\ -On
#        --c++ --no_exceptions --no_rtti) --dependencies=n
#        C:\projects\micro\RtosWrapper\Debug\Obj\Application\Implementation\rcfilter.o.d
#    Locale                       =  C
#    List file                    =
#        C:\projects\micro\RtosWrapper\Debug\List\Application\Implementation\rcfilter.lst
#    Object file                  =
#        C:\projects\micro\RtosWrapper\Debug\Obj\Application\Implementation\rcfilter.o
#    Runtime model:                  
#      __CPP_Exceptions           =  Disabled
#      __CPP_Language             =  C++14
#      __CPP_Library              =  DLib
#      __CPP_Runtime              =  1
#      __SystemLibrary            =  DLib
#      __dlib_full_locale_support =  0
#      __dlib_version             =  6
#
###############################################################################

C:\projects\micro\RtosWrapper\Application\Implementation\rcfilter.cpp
      1          #include "rcfilter.h" // for rc filter
      2          #include <cmath> // for exp
      3          

   \                                 In section .text, align 2, keep-with-next
      4          float RCFilter::FilterValue(float value)
      5          {
   \                     _ZN8RCFilter11FilterValueEf: (+1)
   \        0x0   0xEEF0 0x0A40      VMOV.F32 S1,S0
      6            static bool firstMeasure = true;
      7            if (firstMeasure)
   \        0x4   0x....             LDR.N    R2,??DataTable0
   \        0x6   0x7811             LDRB     R1,[R2, #+0]
   \        0x8   0x2900             CMP      R1,#+0
   \        0xA   0xD004             BEQ.N    ??FilterValue_0
      8            {
      9              oldValue = value;
   \        0xC   0xEDC0 0x0A01      VSTR     S1,[R0, #+4]
     10              firstMeasure = false;
   \       0x10   0x2100             MOVS     R1,#+0
   \       0x12   0x7011             STRB     R1,[R2, #+0]
   \       0x14   0xE00B             B.N      ??FilterValue_1
     11            }
     12            else
     13            {
     14              oldValue += (value - oldValue) * mThau;
   \                     ??FilterValue_0: (+1)
   \       0x16   0xED90 0x0A01      VLDR     S0,[R0, #+4]
   \       0x1A   0xEE30 0x0AC0      VSUB.F32 S0,S1,S0
   \       0x1E   0xED90 0x1A04      VLDR     S2,[R0, #+16]
   \       0x22   0xEDD0 0x1A01      VLDR     S3,[R0, #+4]
   \       0x26   0xEE40 0x1A01      VMLA.F32 S3,S0,S2
   \       0x2A   0xEDC0 0x1A01      VSTR     S3,[R0, #+4]
     15            };
     16            return oldValue;
   \                     ??FilterValue_1: (+1)
   \       0x2E   0xED90 0x0A01      VLDR     S0,[R0, #+4]
   \       0x32   0x4770             BX       LR
     17          };

   \                                 In section .data, align 1
   \                     `RCFilter::FilterValue(float)::firstMeasure`:
   \        0x0   0x01               DC8 1
     18          

   \                                 In section .text, align 2, keep-with-next
     19          float RCFilter::CalculateThau(float rc, float dt)
     20          {
   \                     _ZN8RCFilter13CalculateThauEff: (+1)
   \        0x0   0xB510             PUSH     {R4,LR}
   \        0x2   0xED2D 0x8B04      VPUSH    {D8-D9}
   \        0x6   0x0004             MOVS     R4,R0
   \        0x8   0xEEF0 0x8A40      VMOV.F32 S17,S0
   \        0xC   0xEEB0 0x8A60      VMOV.F32 S16,S1
     21            const auto result = (rc > 0.0F) ? (1.0F - exp(-(dt/rc))) : 1.0F;
   \       0x10   0xEEF5 0x8A40      VCMP.F32 S17,#0.0
   \       0x14   0xEEF1 0xFA10      FMSTAT
   \       0x18   0xDD0C             BLE.N    ??CalculateThau_0
   \       0x1A   0xEE88 0x0A28      VDIV.F32 S0,S16,S17
   \       0x1E   0xEEB1 0x9A40      VNEG.F32 S18,S0
   \       0x22   0xEEB0 0x0A49      VMOV.F32 S0,S18
   \       0x26   0x.... 0x....      BL       expf
   \       0x2A   0xEEF7 0x0A00      VMOV.F32 S1,#1.0
   \       0x2E   0xEE30 0x0AC0      VSUB.F32 S0,S1,S0
   \       0x32   0xE001             B.N      ??CalculateThau_1
   \                     ??CalculateThau_0: (+1)
   \       0x34   0xEEB7 0x0A00      VMOV.F32 S0,#1.0
     22            return result;
   \                     ??CalculateThau_1: (+1)
   \       0x38   0xECBD 0x8B04      VPOP     {D8-D9}
   \       0x3C   0xBD10             POP      {R4,PC}
     23          };

   \                                 In section .text, align 4, keep-with-next
   \                     ??DataTable0:
   \        0x0   0x....'....        DC32     `RCFilter::FilterValue(float)::firstMeasure`

   Maximum stack usage in bytes:

   .cstack Function
   ------- --------
      24   RCFilter::CalculateThau(float, float)
        24   -> expf
       0   RCFilter::FilterValue(float)


   Section sizes:

   Bytes  Function/Label
   -----  --------------
       4  ??DataTable0
      62  RCFilter::CalculateThau(float, float)
      52  RCFilter::FilterValue(float)
       1  firstMeasure
      56  -- Other

 
   1 byte  in section .data
  56 bytes in section .rodata
 118 bytes in section .text
 
 118 bytes of CODE  memory
   0 bytes of CONST memory (+ 56 bytes shared)
   1 byte  of DATA  memory

Errors: none
Warnings: none
